MPLINK 4.48, Linker
Linker Map File - Created Sun Apr 11 21:04:35 2021

                                 Section Info
                  Section       Type    Address   Location Size(Bytes)
                ---------  ---------  ---------  ---------  ---------
                   .org_0       code   0x000000    program   0x000000
                   .org_1       code   0x000000    program   0x0001ee
.config_2007_MOTOR_PUENTEH.O       code   0x002007    program   0x000002
.config_2008_MOTOR_PUENTEH.O       code   0x002008    program   0x000002



                              Program Memory Usage 
                               Start         End      
                           ---------   ---------      
                            0x000000    0x0000f6      
                            0x002007    0x002008      
            249 out of 8455 program addresses used, program memory utilization is 2%



                              Symbols - Sorted by Name
                     Name    Address   Location    Storage File                     
                ---------  ---------  ---------  --------- ---------                
                      CCx   0x00002e    program     static C:\Users\gusta\OneDrive\Escritorio\PROYECTOS_MPLAB\Motor_PuenteH\Motor_PuenteH.asm
                 CONTADOR   0x000031    program     static C:\Users\gusta\OneDrive\Escritorio\PROYECTOS_MPLAB\Motor_PuenteH\Motor_PuenteH.asm
                CONTADOR1   0x00004a    program     static C:\Users\gusta\OneDrive\Escritorio\PROYECTOS_MPLAB\Motor_PuenteH\Motor_PuenteH.asm
                CONTADOR2   0x000063    program     static C:\Users\gusta\OneDrive\Escritorio\PROYECTOS_MPLAB\Motor_PuenteH\Motor_PuenteH.asm
                CONTADOR3   0x00007c    program     static C:\Users\gusta\OneDrive\Escritorio\PROYECTOS_MPLAB\Motor_PuenteH\Motor_PuenteH.asm
                      CUx   0x000047    program     static C:\Users\gusta\OneDrive\Escritorio\PROYECTOS_MPLAB\Motor_PuenteH\Motor_PuenteH.asm
                    Cero0   0x00001a    program     static C:\Users\gusta\OneDrive\Escritorio\PROYECTOS_MPLAB\Motor_PuenteH\Motor_PuenteH.asm
                   INICIO   0x000014    program     static C:\Users\gusta\OneDrive\Escritorio\PROYECTOS_MPLAB\Motor_PuenteH\Motor_PuenteH.asm
                    M1DER   0x000081    program     static C:\Users\gusta\OneDrive\Escritorio\PROYECTOS_MPLAB\Motor_PuenteH\Motor_PuenteH.asm
                   M1DER2   0x00008d    program     static C:\Users\gusta\OneDrive\Escritorio\PROYECTOS_MPLAB\Motor_PuenteH\Motor_PuenteH.asm
                    M1IZQ   0x000099    program     static C:\Users\gusta\OneDrive\Escritorio\PROYECTOS_MPLAB\Motor_PuenteH\Motor_PuenteH.asm
                   M1IZQ2   0x0000a7    program     static C:\Users\gusta\OneDrive\Escritorio\PROYECTOS_MPLAB\Motor_PuenteH\Motor_PuenteH.asm
                    M2DER   0x0000b5    program     static C:\Users\gusta\OneDrive\Escritorio\PROYECTOS_MPLAB\Motor_PuenteH\Motor_PuenteH.asm
                   M2DER2   0x0000c1    program     static C:\Users\gusta\OneDrive\Escritorio\PROYECTOS_MPLAB\Motor_PuenteH\Motor_PuenteH.asm
                    M2IZQ   0x0000cd    program     static C:\Users\gusta\OneDrive\Escritorio\PROYECTOS_MPLAB\Motor_PuenteH\Motor_PuenteH.asm
                   M2IZQ2   0x0000db    program     static C:\Users\gusta\OneDrive\Escritorio\PROYECTOS_MPLAB\Motor_PuenteH\Motor_PuenteH.asm
              PRINT_M1DER   0x000021    program     static C:\Users\gusta\OneDrive\Escritorio\PROYECTOS_MPLAB\Motor_PuenteH\Motor_PuenteH.asm
             PRINT_M1DER2   0x000025    program     static C:\Users\gusta\OneDrive\Escritorio\PROYECTOS_MPLAB\Motor_PuenteH\Motor_PuenteH.asm
              PRINT_M1IZQ   0x00003a    program     static C:\Users\gusta\OneDrive\Escritorio\PROYECTOS_MPLAB\Motor_PuenteH\Motor_PuenteH.asm
             PRINT_M1IZQ2   0x00003e    program     static C:\Users\gusta\OneDrive\Escritorio\PROYECTOS_MPLAB\Motor_PuenteH\Motor_PuenteH.asm
              PRINT_M2DER   0x000053    program     static C:\Users\gusta\OneDrive\Escritorio\PROYECTOS_MPLAB\Motor_PuenteH\Motor_PuenteH.asm
             PRINT_M2DER2   0x000057    program     static C:\Users\gusta\OneDrive\Escritorio\PROYECTOS_MPLAB\Motor_PuenteH\Motor_PuenteH.asm
              PRINT_M2IZQ   0x00006c    program     static C:\Users\gusta\OneDrive\Escritorio\PROYECTOS_MPLAB\Motor_PuenteH\Motor_PuenteH.asm
             PRINT_M2IZQ2   0x000070    program     static C:\Users\gusta\OneDrive\Escritorio\PROYECTOS_MPLAB\Motor_PuenteH\Motor_PuenteH.asm
                  PUERTOS   0x000002    program     static C:\Users\gusta\OneDrive\Escritorio\PROYECTOS_MPLAB\Motor_PuenteH\Motor_PuenteH.asm
            RETARDO_400ms   0x0000e9    program     static C:\Users\gusta\OneDrive\Escritorio\PROYECTOS_MPLAB\Motor_PuenteH\Motor_PuenteH.asm
                     SEC0   0x00001d    program     static C:\Users\gusta\OneDrive\Escritorio\PROYECTOS_MPLAB\Motor_PuenteH\Motor_PuenteH.asm
                     SEC1   0x000036    program     static C:\Users\gusta\OneDrive\Escritorio\PROYECTOS_MPLAB\Motor_PuenteH\Motor_PuenteH.asm
                     SEC2   0x00004f    program     static C:\Users\gusta\OneDrive\Escritorio\PROYECTOS_MPLAB\Motor_PuenteH\Motor_PuenteH.asm
                     SEC3   0x000068    program     static C:\Users\gusta\OneDrive\Escritorio\PROYECTOS_MPLAB\Motor_PuenteH\Motor_PuenteH.asm
                      UCx   0x000060    program     static C:\Users\gusta\OneDrive\Escritorio\PROYECTOS_MPLAB\Motor_PuenteH\Motor_PuenteH.asm
                      UUx   0x000079    program     static C:\Users\gusta\OneDrive\Escritorio\PROYECTOS_MPLAB\Motor_PuenteH\Motor_PuenteH.asm
                     Uno0   0x000017    program     static C:\Users\gusta\OneDrive\Escritorio\PROYECTOS_MPLAB\Motor_PuenteH\Motor_PuenteH.asm
                     loop   0x0000ef    program     static C:\Users\gusta\OneDrive\Escritorio\PROYECTOS_MPLAB\Motor_PuenteH\Motor_PuenteH.asm



                              Symbols - Sorted by Address
                     Name    Address   Location    Storage File                     
                ---------  ---------  ---------  --------- ---------                
                  PUERTOS   0x000002    program     static C:\Users\gusta\OneDrive\Escritorio\PROYECTOS_MPLAB\Motor_PuenteH\Motor_PuenteH.asm
                   INICIO   0x000014    program     static C:\Users\gusta\OneDrive\Escritorio\PROYECTOS_MPLAB\Motor_PuenteH\Motor_PuenteH.asm
                     Uno0   0x000017    program     static C:\Users\gusta\OneDrive\Escritorio\PROYECTOS_MPLAB\Motor_PuenteH\Motor_PuenteH.asm
                    Cero0   0x00001a    program     static C:\Users\gusta\OneDrive\Escritorio\PROYECTOS_MPLAB\Motor_PuenteH\Motor_PuenteH.asm
                     SEC0   0x00001d    program     static C:\Users\gusta\OneDrive\Escritorio\PROYECTOS_MPLAB\Motor_PuenteH\Motor_PuenteH.asm
              PRINT_M1DER   0x000021    program     static C:\Users\gusta\OneDrive\Escritorio\PROYECTOS_MPLAB\Motor_PuenteH\Motor_PuenteH.asm
             PRINT_M1DER2   0x000025    program     static C:\Users\gusta\OneDrive\Escritorio\PROYECTOS_MPLAB\Motor_PuenteH\Motor_PuenteH.asm
                      CCx   0x00002e    program     static C:\Users\gusta\OneDrive\Escritorio\PROYECTOS_MPLAB\Motor_PuenteH\Motor_PuenteH.asm
                 CONTADOR   0x000031    program     static C:\Users\gusta\OneDrive\Escritorio\PROYECTOS_MPLAB\Motor_PuenteH\Motor_PuenteH.asm
                     SEC1   0x000036    program     static C:\Users\gusta\OneDrive\Escritorio\PROYECTOS_MPLAB\Motor_PuenteH\Motor_PuenteH.asm
              PRINT_M1IZQ   0x00003a    program     static C:\Users\gusta\OneDrive\Escritorio\PROYECTOS_MPLAB\Motor_PuenteH\Motor_PuenteH.asm
             PRINT_M1IZQ2   0x00003e    program     static C:\Users\gusta\OneDrive\Escritorio\PROYECTOS_MPLAB\Motor_PuenteH\Motor_PuenteH.asm
                      CUx   0x000047    program     static C:\Users\gusta\OneDrive\Escritorio\PROYECTOS_MPLAB\Motor_PuenteH\Motor_PuenteH.asm
                CONTADOR1   0x00004a    program     static C:\Users\gusta\OneDrive\Escritorio\PROYECTOS_MPLAB\Motor_PuenteH\Motor_PuenteH.asm
                     SEC2   0x00004f    program     static C:\Users\gusta\OneDrive\Escritorio\PROYECTOS_MPLAB\Motor_PuenteH\Motor_PuenteH.asm
              PRINT_M2DER   0x000053    program     static C:\Users\gusta\OneDrive\Escritorio\PROYECTOS_MPLAB\Motor_PuenteH\Motor_PuenteH.asm
             PRINT_M2DER2   0x000057    program     static C:\Users\gusta\OneDrive\Escritorio\PROYECTOS_MPLAB\Motor_PuenteH\Motor_PuenteH.asm
                      UCx   0x000060    program     static C:\Users\gusta\OneDrive\Escritorio\PROYECTOS_MPLAB\Motor_PuenteH\Motor_PuenteH.asm
                CONTADOR2   0x000063    program     static C:\Users\gusta\OneDrive\Escritorio\PROYECTOS_MPLAB\Motor_PuenteH\Motor_PuenteH.asm
                     SEC3   0x000068    program     static C:\Users\gusta\OneDrive\Escritorio\PROYECTOS_MPLAB\Motor_PuenteH\Motor_PuenteH.asm
              PRINT_M2IZQ   0x00006c    program     static C:\Users\gusta\OneDrive\Escritorio\PROYECTOS_MPLAB\Motor_PuenteH\Motor_PuenteH.asm
             PRINT_M2IZQ2   0x000070    program     static C:\Users\gusta\OneDrive\Escritorio\PROYECTOS_MPLAB\Motor_PuenteH\Motor_PuenteH.asm
                      UUx   0x000079    program     static C:\Users\gusta\OneDrive\Escritorio\PROYECTOS_MPLAB\Motor_PuenteH\Motor_PuenteH.asm
                CONTADOR3   0x00007c    program     static C:\Users\gusta\OneDrive\Escritorio\PROYECTOS_MPLAB\Motor_PuenteH\Motor_PuenteH.asm
                    M1DER   0x000081    program     static C:\Users\gusta\OneDrive\Escritorio\PROYECTOS_MPLAB\Motor_PuenteH\Motor_PuenteH.asm
                   M1DER2   0x00008d    program     static C:\Users\gusta\OneDrive\Escritorio\PROYECTOS_MPLAB\Motor_PuenteH\Motor_PuenteH.asm
                    M1IZQ   0x000099    program     static C:\Users\gusta\OneDrive\Escritorio\PROYECTOS_MPLAB\Motor_PuenteH\Motor_PuenteH.asm
                   M1IZQ2   0x0000a7    program     static C:\Users\gusta\OneDrive\Escritorio\PROYECTOS_MPLAB\Motor_PuenteH\Motor_PuenteH.asm
                    M2DER   0x0000b5    program     static C:\Users\gusta\OneDrive\Escritorio\PROYECTOS_MPLAB\Motor_PuenteH\Motor_PuenteH.asm
                   M2DER2   0x0000c1    program     static C:\Users\gusta\OneDrive\Escritorio\PROYECTOS_MPLAB\Motor_PuenteH\Motor_PuenteH.asm
                    M2IZQ   0x0000cd    program     static C:\Users\gusta\OneDrive\Escritorio\PROYECTOS_MPLAB\Motor_PuenteH\Motor_PuenteH.asm
                   M2IZQ2   0x0000db    program     static C:\Users\gusta\OneDrive\Escritorio\PROYECTOS_MPLAB\Motor_PuenteH\Motor_PuenteH.asm
            RETARDO_400ms   0x0000e9    program     static C:\Users\gusta\OneDrive\Escritorio\PROYECTOS_MPLAB\Motor_PuenteH\Motor_PuenteH.asm
                     loop   0x0000ef    program     static C:\Users\gusta\OneDrive\Escritorio\PROYECTOS_MPLAB\Motor_PuenteH\Motor_PuenteH.asm


