MPLINK 4.48, Linker
Linker Map File - Created Fri Apr 09 10:31:02 2021

                                 Section Info
                  Section       Type    Address   Location Size(Bytes)
                ---------  ---------  ---------  ---------  ---------
                   .org_0       code   0x000000    program   0x000000
                   .org_1       code   0x000000    program   0x0001ae
.config_2007_MOTOR_PUENTEH.O       code   0x002007    program   0x000002
.config_2008_MOTOR_PUENTEH.O       code   0x002008    program   0x000002



                              Program Memory Usage 
                               Start         End      
                           ---------   ---------      
                            0x000000    0x0000d6      
                            0x002007    0x002008      
            217 out of 8455 program addresses used, program memory utilization is 2%



                              Symbols - Sorted by Name
                     Name    Address   Location    Storage File                     
                ---------  ---------  ---------  --------- ---------                
                 CONTADOR   0x000029    program     static C:\Users\gusta\OneDrive\Escritorio\PROYECTOS_MPLAB\Motor_PuenteH\Motor_PuenteH.asm
                CONTADOR1   0x00003a    program     static C:\Users\gusta\OneDrive\Escritorio\PROYECTOS_MPLAB\Motor_PuenteH\Motor_PuenteH.asm
                CONTADOR2   0x00004b    program     static C:\Users\gusta\OneDrive\Escritorio\PROYECTOS_MPLAB\Motor_PuenteH\Motor_PuenteH.asm
                CONTADOR3   0x00005c    program     static C:\Users\gusta\OneDrive\Escritorio\PROYECTOS_MPLAB\Motor_PuenteH\Motor_PuenteH.asm
                    Cero0   0x00001a    program     static C:\Users\gusta\OneDrive\Escritorio\PROYECTOS_MPLAB\Motor_PuenteH\Motor_PuenteH.asm
                   INICIO   0x000014    program     static C:\Users\gusta\OneDrive\Escritorio\PROYECTOS_MPLAB\Motor_PuenteH\Motor_PuenteH.asm
                    M1DER   0x000061    program     static C:\Users\gusta\OneDrive\Escritorio\PROYECTOS_MPLAB\Motor_PuenteH\Motor_PuenteH.asm
                   M1DER2   0x00006d    program     static C:\Users\gusta\OneDrive\Escritorio\PROYECTOS_MPLAB\Motor_PuenteH\Motor_PuenteH.asm
                    M1IZQ   0x000079    program     static C:\Users\gusta\OneDrive\Escritorio\PROYECTOS_MPLAB\Motor_PuenteH\Motor_PuenteH.asm
                   M1IZQ2   0x000087    program     static C:\Users\gusta\OneDrive\Escritorio\PROYECTOS_MPLAB\Motor_PuenteH\Motor_PuenteH.asm
                    M2DER   0x000095    program     static C:\Users\gusta\OneDrive\Escritorio\PROYECTOS_MPLAB\Motor_PuenteH\Motor_PuenteH.asm
                   M2DER2   0x0000a1    program     static C:\Users\gusta\OneDrive\Escritorio\PROYECTOS_MPLAB\Motor_PuenteH\Motor_PuenteH.asm
                    M2IZQ   0x0000ad    program     static C:\Users\gusta\OneDrive\Escritorio\PROYECTOS_MPLAB\Motor_PuenteH\Motor_PuenteH.asm
                   M2IZQ2   0x0000bb    program     static C:\Users\gusta\OneDrive\Escritorio\PROYECTOS_MPLAB\Motor_PuenteH\Motor_PuenteH.asm
              PRINT_M1DER   0x00001f    program     static C:\Users\gusta\OneDrive\Escritorio\PROYECTOS_MPLAB\Motor_PuenteH\Motor_PuenteH.asm
             PRINT_M1DER2   0x000023    program     static C:\Users\gusta\OneDrive\Escritorio\PROYECTOS_MPLAB\Motor_PuenteH\Motor_PuenteH.asm
              PRINT_M1IZQ   0x000030    program     static C:\Users\gusta\OneDrive\Escritorio\PROYECTOS_MPLAB\Motor_PuenteH\Motor_PuenteH.asm
             PRINT_M1IZQ2   0x000034    program     static C:\Users\gusta\OneDrive\Escritorio\PROYECTOS_MPLAB\Motor_PuenteH\Motor_PuenteH.asm
              PRINT_M2DER   0x000041    program     static C:\Users\gusta\OneDrive\Escritorio\PROYECTOS_MPLAB\Motor_PuenteH\Motor_PuenteH.asm
             PRINT_M2DER2   0x000045    program     static C:\Users\gusta\OneDrive\Escritorio\PROYECTOS_MPLAB\Motor_PuenteH\Motor_PuenteH.asm
              PRINT_M2IZQ   0x000052    program     static C:\Users\gusta\OneDrive\Escritorio\PROYECTOS_MPLAB\Motor_PuenteH\Motor_PuenteH.asm
             PRINT_M2IZQ2   0x000056    program     static C:\Users\gusta\OneDrive\Escritorio\PROYECTOS_MPLAB\Motor_PuenteH\Motor_PuenteH.asm
                  PUERTOS   0x000002    program     static C:\Users\gusta\OneDrive\Escritorio\PROYECTOS_MPLAB\Motor_PuenteH\Motor_PuenteH.asm
            RETARDO_400ms   0x0000c9    program     static C:\Users\gusta\OneDrive\Escritorio\PROYECTOS_MPLAB\Motor_PuenteH\Motor_PuenteH.asm
                     SEC0   0x00001d    program     static C:\Users\gusta\OneDrive\Escritorio\PROYECTOS_MPLAB\Motor_PuenteH\Motor_PuenteH.asm
                     SEC1   0x00002e    program     static C:\Users\gusta\OneDrive\Escritorio\PROYECTOS_MPLAB\Motor_PuenteH\Motor_PuenteH.asm
                     SEC2   0x00003f    program     static C:\Users\gusta\OneDrive\Escritorio\PROYECTOS_MPLAB\Motor_PuenteH\Motor_PuenteH.asm
                     SEC3   0x000050    program     static C:\Users\gusta\OneDrive\Escritorio\PROYECTOS_MPLAB\Motor_PuenteH\Motor_PuenteH.asm
                     Uno0   0x000017    program     static C:\Users\gusta\OneDrive\Escritorio\PROYECTOS_MPLAB\Motor_PuenteH\Motor_PuenteH.asm
                     loop   0x0000cf    program     static C:\Users\gusta\OneDrive\Escritorio\PROYECTOS_MPLAB\Motor_PuenteH\Motor_PuenteH.asm



                              Symbols - Sorted by Address
                     Name    Address   Location    Storage File                     
                ---------  ---------  ---------  --------- ---------                
                  PUERTOS   0x000002    program     static C:\Users\gusta\OneDrive\Escritorio\PROYECTOS_MPLAB\Motor_PuenteH\Motor_PuenteH.asm
                   INICIO   0x000014    program     static C:\Users\gusta\OneDrive\Escritorio\PROYECTOS_MPLAB\Motor_PuenteH\Motor_PuenteH.asm
                     Uno0   0x000017    program     static C:\Users\gusta\OneDrive\Escritorio\PROYECTOS_MPLAB\Motor_PuenteH\Motor_PuenteH.asm
                    Cero0   0x00001a    program     static C:\Users\gusta\OneDrive\Escritorio\PROYECTOS_MPLAB\Motor_PuenteH\Motor_PuenteH.asm
                     SEC0   0x00001d    program     static C:\Users\gusta\OneDrive\Escritorio\PROYECTOS_MPLAB\Motor_PuenteH\Motor_PuenteH.asm
              PRINT_M1DER   0x00001f    program     static C:\Users\gusta\OneDrive\Escritorio\PROYECTOS_MPLAB\Motor_PuenteH\Motor_PuenteH.asm
             PRINT_M1DER2   0x000023    program     static C:\Users\gusta\OneDrive\Escritorio\PROYECTOS_MPLAB\Motor_PuenteH\Motor_PuenteH.asm
                 CONTADOR   0x000029    program     static C:\Users\gusta\OneDrive\Escritorio\PROYECTOS_MPLAB\Motor_PuenteH\Motor_PuenteH.asm
                     SEC1   0x00002e    program     static C:\Users\gusta\OneDrive\Escritorio\PROYECTOS_MPLAB\Motor_PuenteH\Motor_PuenteH.asm
              PRINT_M1IZQ   0x000030    program     static C:\Users\gusta\OneDrive\Escritorio\PROYECTOS_MPLAB\Motor_PuenteH\Motor_PuenteH.asm
             PRINT_M1IZQ2   0x000034    program     static C:\Users\gusta\OneDrive\Escritorio\PROYECTOS_MPLAB\Motor_PuenteH\Motor_PuenteH.asm
                CONTADOR1   0x00003a    program     static C:\Users\gusta\OneDrive\Escritorio\PROYECTOS_MPLAB\Motor_PuenteH\Motor_PuenteH.asm
                     SEC2   0x00003f    program     static C:\Users\gusta\OneDrive\Escritorio\PROYECTOS_MPLAB\Motor_PuenteH\Motor_PuenteH.asm
              PRINT_M2DER   0x000041    program     static C:\Users\gusta\OneDrive\Escritorio\PROYECTOS_MPLAB\Motor_PuenteH\Motor_PuenteH.asm
             PRINT_M2DER2   0x000045    program     static C:\Users\gusta\OneDrive\Escritorio\PROYECTOS_MPLAB\Motor_PuenteH\Motor_PuenteH.asm
                CONTADOR2   0x00004b    program     static C:\Users\gusta\OneDrive\Escritorio\PROYECTOS_MPLAB\Motor_PuenteH\Motor_PuenteH.asm
                     SEC3   0x000050    program     static C:\Users\gusta\OneDrive\Escritorio\PROYECTOS_MPLAB\Motor_PuenteH\Motor_PuenteH.asm
              PRINT_M2IZQ   0x000052    program     static C:\Users\gusta\OneDrive\Escritorio\PROYECTOS_MPLAB\Motor_PuenteH\Motor_PuenteH.asm
             PRINT_M2IZQ2   0x000056    program     static C:\Users\gusta\OneDrive\Escritorio\PROYECTOS_MPLAB\Motor_PuenteH\Motor_PuenteH.asm
                CONTADOR3   0x00005c    program     static C:\Users\gusta\OneDrive\Escritorio\PROYECTOS_MPLAB\Motor_PuenteH\Motor_PuenteH.asm
                    M1DER   0x000061    program     static C:\Users\gusta\OneDrive\Escritorio\PROYECTOS_MPLAB\Motor_PuenteH\Motor_PuenteH.asm
                   M1DER2   0x00006d    program     static C:\Users\gusta\OneDrive\Escritorio\PROYECTOS_MPLAB\Motor_PuenteH\Motor_PuenteH.asm
                    M1IZQ   0x000079    program     static C:\Users\gusta\OneDrive\Escritorio\PROYECTOS_MPLAB\Motor_PuenteH\Motor_PuenteH.asm
                   M1IZQ2   0x000087    program     static C:\Users\gusta\OneDrive\Escritorio\PROYECTOS_MPLAB\Motor_PuenteH\Motor_PuenteH.asm
                    M2DER   0x000095    program     static C:\Users\gusta\OneDrive\Escritorio\PROYECTOS_MPLAB\Motor_PuenteH\Motor_PuenteH.asm
                   M2DER2   0x0000a1    program     static C:\Users\gusta\OneDrive\Escritorio\PROYECTOS_MPLAB\Motor_PuenteH\Motor_PuenteH.asm
                    M2IZQ   0x0000ad    program     static C:\Users\gusta\OneDrive\Escritorio\PROYECTOS_MPLAB\Motor_PuenteH\Motor_PuenteH.asm
                   M2IZQ2   0x0000bb    program     static C:\Users\gusta\OneDrive\Escritorio\PROYECTOS_MPLAB\Motor_PuenteH\Motor_PuenteH.asm
            RETARDO_400ms   0x0000c9    program     static C:\Users\gusta\OneDrive\Escritorio\PROYECTOS_MPLAB\Motor_PuenteH\Motor_PuenteH.asm
                     loop   0x0000cf    program     static C:\Users\gusta\OneDrive\Escritorio\PROYECTOS_MPLAB\Motor_PuenteH\Motor_PuenteH.asm


