MPASM  5.50                 MOTOR_PUENTEH.ASM   4-11-2021  21:04:34         PAGE  1


LOC  OBJECT CODE     LINE SOURCE TEXT
  VALUE

Warning[205]: Found directive in column 1. (list)
                      00001 list            p=16f887        ; list directive to define processor
                      00002 #include        <p16f887.inc>   ; processor specific variable definitions
                      00001         LIST
                      00002 
                      00003 ;==========================================================================
                      00004 ;  MPASM PIC16F887 processor include
                      00005 ; 
                      00006 ;  (c) Copyright 1999-2013 Microchip Technology, All rights reserved
                      00007 ;==========================================================================
                      00008 
                      00809         LIST
                      00003 
                      00004 
2007   28E4           00005         __CONFIG    _CONFIG1, _LVP_OFF & _FCMEN_ON & _IESO_OFF & _BOR_OFF & _CPD_OFF & _CP_OFF & _MCLRE_
                            ON & _PWRTE_ON & _WDT_OFF & _INTRC_OSC_NOCLKOUT
2008   3EFF           00006         __CONFIG    _CONFIG2, _WRT_OFF & _BOR21V
                      00007 
                      00008 
Warning[205]: Found directive in column 1. (ORG)
0000                  00009 ORG 0x000 ; posición 0
Warning[205]: Found directive in column 1. (CBLOCK)
                      00010 CBLOCK 0X20
  00000020            00011         CounterA, CounterB, CounterC, Aux, Contador, Co
Warning[205]: Found directive in column 1. (ENDC)
                      00012 ENDC
Warning[203]: Found opcode in column 1. (NOP)
0000   0000           00013 NOP
Warning[203]: Found opcode in column 1. (GOTO)
0001   2802           00014 GOTO PUERTOS ; Comienzo del programa
                      00015 
0002                  00016 PUERTOS:
                      00017 ; SE ACCEDE AL BANCO 1 PARA USAR LOS TRIS
0002   1683           00018         BSF                     STATUS, RP0 
                      00019 ; SE CONFIGURAN LOS PUERTOS DE ENTRADAS Y SALIDAS
0003   30FF           00020         MOVLW           0XFF                                    ;W = 11111111
Message[302]: Register in operand not in bank 0.  Ensure that bank bits are correct.
0004   0085           00021         MOVWF           TRISA                           ;PUERTO A COMO ENTRADA
0005   3000           00022         MOVLW           0X00                            ;W=00000000
Message[302]: Register in operand not in bank 0.  Ensure that bank bits are correct.
0006   0086           00023         MOVWF           TRISB                           ;PUERTO B COMO SALIDA
0007   3000           00024         MOVLW           0X00                            ;W=00000000
Message[302]: Register in operand not in bank 0.  Ensure that bank bits are correct.
0008   0087           00025         MOVWF           TRISC                           ; PUERTO C COMO SALIDA
0009   3000           00026         MOVLW           0X00                            ;W=00000000
Message[302]: Register in operand not in bank 0.  Ensure that bank bits are correct.
000A   0088           00027         MOVWF           TRISD                           ; PUERTO D COMO SALIDA
                      00028 
                      00029 ;SE ACCEDE AL BANCO 3 PARA LOS ANSEL, ANSELH
000B   1703           00030         BSF                     STATUS, RP1
                      00031 ;SE LIMPIAN (coloca 0's)LOS REGISTROS ANSEL, ANSELH PARA E/S DIGITAL
Message[302]: Register in operand not in bank 0.  Ensure that bank bits are correct.
000C   0188           00032         CLRF            ANSEL
MPASM  5.50                 MOTOR_PUENTEH.ASM   4-11-2021  21:04:34         PAGE  2


LOC  OBJECT CODE     LINE SOURCE TEXT
  VALUE

Message[302]: Register in operand not in bank 0.  Ensure that bank bits are correct.
000D   0189           00033         CLRF            ANSELH
                      00034 
                      00035 ;SE ACCEDE AL BANCO 0 PARA LOS PUERTOS
000E   1303           00036         BCF                     STATUS, RP1
000F   1283           00037         BCF                     STATUS, RP0
                      00038 ;SE COLOCA EN CEROS LOS PUERTOS
0010   0186           00039         CLRF            PORTB
0011   0185           00040         CLRF            PORTA
0012   0187           00041         CLRF            PORTC
0013   0188           00042         CLRF                    PORTD
                      00043         ;BCF            STATUS,C
                      00044 
0014                  00045 INICIO:
0014   1C05           00046         BTFSS           PORTA,0                 ;Está en 1
0015   281A           00047         GOTO            Cero0           ;NO
0016   2817           00048         GOTO            Uno0            ;SI
                      00049         
                      00050 
0017                  00051 Uno0:
0017   1C85           00052         BTFSS           PORTA,1         ;Está en 1
0018   2836           00053         GOTO            SEC1            ;NO
0019   2868           00054         GOTO            SEC3            ;SI
                      00055         
                      00056 
001A                  00057 Cero0:
001A   1C85           00058         BTFSS           PORTA,1         ;Está en 1
001B   281D           00059         GOTO            SEC0            ;NO
001C   284F           00060         GOTO            SEC2            ;SI
                      00061 
                      00062         
                      00063 
                      00064 
                      00065 ; ------------------------------------------------SEC 0------------------------------------- 00
001D                  00066 SEC0:                                           ; M1 - DERECHA
001D   01A4           00067         CLRF            Contador
001E   01A5           00068         CLRF                    Co
001F   3001           00069         MOVLW           b'00000001'
0020   0088           00070         MOVWF           PORTD
                      00071 
0021                  00072 PRINT_M1DER:
0021   0824           00073         MOVF            Contador, W
Warning[202]: Argument out of range.  Least significant bits used.
0022   08A4           00074         MOVF            Contador, Co
0023   2081           00075         CALL            M1DER
0024   0086           00076         MOVWF           PORTB
                      00077 
                      00078 
0025                  00079 PRINT_M1DER2:
0025   0825           00080         MOVF            Co,W
0026   208D           00081         CALL            M1DER2
0027   0087           00082         MOVWF           PORTC
0028   20E9           00083         CALL            RETARDO_400ms
MPASM  5.50                 MOTOR_PUENTEH.ASM   4-11-2021  21:04:34         PAGE  3


LOC  OBJECT CODE     LINE SOURCE TEXT
  VALUE

                      00084 
0029   0AA4           00085         INCF                    Contador, F
002A   0AA5           00086         INCF                    Co, F
                      00087 
002B   1C05           00088         BTFSS           PORTA,0                 ; EL PUERTO ESTÁ EN 1?
002C   282E           00089         GOTO            CCx                             ; NO
002D   2814           00090         GOTO            INICIO                  ; SI
                      00091 
002E                  00092 CCx:
002E   1C85           00093         BTFSS           PORTA,1                 ; EL PUERTO ESTÁ EN 1?
002F   2831           00094         GOTO            CONTADOR                ;NO
0030   2814           00095         GOTO            INICIO                  ;SI
                      00096 
0031                  00097 CONTADOR:
0031   300B           00098         MOVLW           .11
0032   0624           00099         XORWF           Contador, W
0033   1D03           00100         BTFSS           STATUS, Z
0034   2821           00101         GOTO            PRINT_M1DER
0035   2814           00102         GOTO            INICIO
                      00103 
                      00104 ; ------------------------------------------------SEC 1------------------------------------- 01
0036                  00105 SEC1:                                           ; M1 - IZQUIERDA
0036   01A4           00106         CLRF            Contador
0037   01A5           00107         CLRF                    Co
0038   3002           00108         MOVLW           b'00000010'
0039   0088           00109         MOVWF           PORTD
003A                  00110 PRINT_M1IZQ:
003A   0824           00111         MOVF            Contador, W
Warning[202]: Argument out of range.  Least significant bits used.
003B   08A4           00112         MOVF            Contador, Co
003C   2099           00113         CALL            M1IZQ
003D   0086           00114         MOVWF           PORTB
                      00115 
003E                  00116 PRINT_M1IZQ2:
003E   0825           00117         MOVF            Co,W
003F   20A7           00118         CALL            M1IZQ2
0040   0087           00119         MOVWF           PORTC
0041   20E9           00120         CALL            RETARDO_400ms
                      00121 
0042   0AA4           00122         INCF                    Contador, F
0043   0AA5           00123         INCF                    Co, F
                      00124 
0044   1C05           00125         BTFSS           PORTA,0                 ;ESTÁ EN 1?
0045   2814           00126         GOTO            INICIO                  ;NO
0046   2847           00127         GOTO            CUx                             ;SI
                      00128 
0047                  00129 CUx:
0047   1C85           00130         BTFSS           PORTA,1                 ;ESTÁ EN 1?
0048   284A           00131         GOTO            CONTADOR1               ;NO
0049   2814           00132         GOTO            INICIO                  ;SI
                      00133 
004A                  00134 CONTADOR1:
004A   300D           00135         MOVLW           .13
MPASM  5.50                 MOTOR_PUENTEH.ASM   4-11-2021  21:04:34         PAGE  4


LOC  OBJECT CODE     LINE SOURCE TEXT
  VALUE

004B   0624           00136         XORWF           Contador, W
004C   1D03           00137         BTFSS           STATUS, Z
004D   283A           00138         GOTO            PRINT_M1IZQ
004E   2814           00139         GOTO            INICIO
                      00140 
                      00141 
                      00142 ; ------------------------------------------------SEC 2------------------------------------- 10
004F                  00143 SEC2:                                           ; M2 - DERECHA
004F   01A4           00144         CLRF            Contador
0050   01A5           00145         CLRF                    Co
0051   3004           00146         MOVLW           b'00000100'
0052   0088           00147         MOVWF           PORTD
0053                  00148 PRINT_M2DER:
0053   0824           00149         MOVF            Contador, W
Warning[202]: Argument out of range.  Least significant bits used.
0054   08A4           00150         MOVF            Contador, Co
0055   20B5           00151         CALL            M2DER
0056   0086           00152         MOVWF           PORTB
                      00153 
0057                  00154 PRINT_M2DER2:
0057   0825           00155         MOVF            Co,W
0058   20C1           00156         CALL            M2DER2
0059   0087           00157         MOVWF           PORTC
005A   20E9           00158         CALL            RETARDO_400ms
                      00159 
005B   0AA4           00160         INCF                    Contador, F
005C   0AA5           00161         INCF                    Co, F
                      00162 
005D   1C05           00163         BTFSS           PORTA,0                 ;ESTÁ EN 1?
005E   2860           00164         GOTO            UCx                             ;NO 
005F   2814           00165         GOTO            INICIO                  ;SI
0060                  00166 UCx:
0060   1C85           00167         BTFSS           PORTA,1                 ;ESTÁ EN 1?
0061   2814           00168         GOTO            INICIO                  ;NO
0062   2863           00169         GOTO            CONTADOR2               ;SI     
                      00170 
0063                  00171 CONTADOR2:
0063   300B           00172         MOVLW           .11
0064   0624           00173         XORWF           Contador, W
0065   1D03           00174         BTFSS           STATUS, Z
0066   2853           00175         GOTO            PRINT_M2DER
0067   2814           00176         GOTO            INICIO
                      00177 ; ------------------------------------------------SEC 3------------------------------------- 11
0068                  00178 SEC3:                                           ; M2 - IZQUIERDA
0068   01A4           00179         CLRF            Contador
0069   01A5           00180         CLRF                    Co
006A   3008           00181         MOVLW           b'00001000'
006B   0088           00182         MOVWF           PORTD
                      00183 
006C                  00184 PRINT_M2IZQ:
006C   0824           00185         MOVF            Contador, W
Warning[202]: Argument out of range.  Least significant bits used.
006D   08A4           00186         MOVF            Contador, Co
MPASM  5.50                 MOTOR_PUENTEH.ASM   4-11-2021  21:04:34         PAGE  5


LOC  OBJECT CODE     LINE SOURCE TEXT
  VALUE

006E   20CD           00187         CALL            M2IZQ
006F   0086           00188         MOVWF           PORTB
                      00189 
0070                  00190 PRINT_M2IZQ2:
0070   0825           00191         MOVF            Co,W
0071   20DB           00192         CALL            M2IZQ2
0072   0087           00193         MOVWF           PORTC
0073   20E9           00194         CALL            RETARDO_400ms
                      00195 
0074   0AA4           00196         INCF                    Contador, F
0075   0AA5           00197         INCF                    Co, F
0076   1C05           00198         BTFSS           PORTA,0                 ;ESTÁ EN 1?
0077   2814           00199         GOTO            INICIO                  ; NO
0078   2879           00200         GOTO            UUx                             ;SI
                      00201 
0079                  00202 UUx:
0079   1C85           00203         BTFSS           PORTA,1                 ; ESTÁ EN 1?
007A   2814           00204         GOTO            INICIO                  ;NO
007B   287C           00205         GOTO            CONTADOR3               ;SI
                      00206 
007C                  00207 CONTADOR3:
007C   300D           00208         MOVLW           .13
007D   0624           00209         XORWF           Contador, W
007E   1D03           00210         BTFSS           STATUS, Z
007F   286C           00211         GOTO            PRINT_M2IZQ
0080   2814           00212         GOTO            INICIO
                      00213 
                      00214 ; DISPLAY M1-DERECHA
0081                  00215 M1DER:
0081   0782           00216         ADDWF           PCL, F
0082   3433           00217         RETLW           b'00110011'     ; M_1
0083   34F3           00218         RETLW           b'11110011'     ; 1_1
0084   34FF           00219         RETLW           b'11111111'     ; -_1
0085   34C0           00220         RETLW           b'11000000'     ; D_1
0086   340C           00221         RETLW           b'00001100'     ; E_1
0087   3438           00222         RETLW           b'00111000'     ; R_1
0088   340C           00223         RETLW           b'00001100'     ; E_1
0089   340C           00224         RETLW           b'00001100'     ; C_1
008A   3433           00225         RETLW           b'00110011'     ; H_1
008B   3430           00226         RETLW           b'00110000'     ; A_1
008C   34FF           00227         RETLW           b'11111111'     ; ESPACIO
                      00228 
008D                  00229 M1DER2:
008D   0782           00230         ADDWF           PCL, F
008E   34FA           00231         RETLW           b'11111010'     ; M_2
008F   34FB           00232         RETLW           b'11111011'     ; 1_2
0090   3477           00233         RETLW           b'01110111'     ; -_2
0091   34DD           00234         RETLW           b'11011101'     ; D_2
0092   347F           00235         RETLW           b'01111111'     ; E_2
0093   3467           00236         RETLW           b'01100111'     ; R_2
0094   347F           00237         RETLW           b'01111111'     ; E_2
0095   34FF           00238         RETLW           b'11111111'     ; C_2
0096   3477           00239         RETLW           b'01110111'     ; H_2
MPASM  5.50                 MOTOR_PUENTEH.ASM   4-11-2021  21:04:34         PAGE  6


LOC  OBJECT CODE     LINE SOURCE TEXT
  VALUE

0097   3477           00240         RETLW           b'01110111'     ; A_2
0098   34FF           00241         RETLW           b'11111111'     ; ESPACIO
                      00242 
                      00243 
                      00244 ; DISPLAY M1-IZQUIERDA
0099                  00245 M1IZQ:
0099   0782           00246         ADDWF           PCL, F
009A   3433           00247         RETLW           b'00110011'     ; M_1
009B   34F3           00248         RETLW           b'11110011'     ; 1_1
009C   34FF           00249         RETLW           b'11111111'     ; -_1
009D   34CC           00250         RETLW           b'11001100'     ; I_1
009E   34CC           00251         RETLW           b'11001100'     ; Z_1
009F   3400           00252         RETLW           b'00000000'     ; Q_1
00A0   3403           00253         RETLW           b'00000011'     ; U_1
00A1   34CC           00254         RETLW           b'11001100'     ; I_1
00A2   340C           00255         RETLW           b'00001100'     ; E_1
00A3   3438           00256         RETLW           b'00111000'     ; R_1
00A4   34C0           00257         RETLW           b'11000000'     ; D_1
00A5   3430           00258         RETLW           b'00110000'     ; A_1
00A6   34FF           00259         RETLW           b'11111111'     ; ESPACIO
                      00260 
00A7                  00261 M1IZQ2:
00A7   0782           00262         ADDWF           PCL, F
00A8   34FA           00263         RETLW           b'11111010'     ; M_2
00A9   34FB           00264         RETLW           b'11111011'     ; 1_2
00AA   3477           00265         RETLW           b'01110111'     ; -_2
00AB   34DD           00266         RETLW           b'11011101'     ; I_2
00AC   34BB           00267         RETLW           b'10111011'     ; Z_2
00AD   34EF           00268         RETLW           b'11101111'     ; Q_2
00AE   34FF           00269         RETLW           b'11111111'     ; U_2
00AF   34DD           00270         RETLW           b'11011101'     ; I_2
00B0   347F           00271         RETLW           b'01111111'     ; E_2
00B1   3467           00272         RETLW           b'01100111'     ; R_2
00B2   34DD           00273         RETLW           b'11011101'     ; D_2
00B3   3477           00274         RETLW           b'01110111'     ; A_2
00B4   34FF           00275         RETLW           b'11111111'     ; ESPACIO
                      00276 
                      00277 
                      00278 ; DISPLAY M2-DERECHA
00B5                  00279 M2DER:
00B5   0782           00280         ADDWF           PCL, F
00B6   3433           00281         RETLW           b'00110011'     ; M_1
00B7   3488           00282         RETLW           b'10001000'     ; 2_1
00B8   34FF           00283         RETLW           b'11111111'     ; -_1
00B9   34C0           00284         RETLW           b'11000000'     ; D_1
00BA   340C           00285         RETLW           b'00001100'     ; E_1
00BB   3438           00286         RETLW           b'00111000'     ; R_1
00BC   340C           00287         RETLW           b'00001100'     ; E_1
00BD   340C           00288         RETLW           b'00001100'     ; C_1
00BE   3433           00289         RETLW           b'00110011'     ; H_1
00BF   3430           00290         RETLW           b'00110000'     ; A_1
00C0   34FF           00291         RETLW           b'11111111'     ; ESPACIO
                      00292 
MPASM  5.50                 MOTOR_PUENTEH.ASM   4-11-2021  21:04:34         PAGE  7


LOC  OBJECT CODE     LINE SOURCE TEXT
  VALUE

00C1                  00293 M2DER2:
00C1   0782           00294         ADDWF           PCL, F
00C2   34FA           00295         RETLW           b'11111010'     ; M_2
00C3   3477           00296         RETLW           b'01110111'     ; 2_2
00C4   3477           00297         RETLW           b'01110111'     ; -_2
00C5   34DD           00298         RETLW           b'11011101'     ; D_2
00C6   347F           00299         RETLW           b'01111111'     ; E_2
00C7   3467           00300         RETLW           b'01100111'     ; R_2
00C8   347F           00301         RETLW           b'01111111'     ; E_2
00C9   34FF           00302         RETLW           b'11111111'     ; C_2
00CA   3477           00303         RETLW           b'01110111'     ; H_2
00CB   3477           00304         RETLW           b'01110111'     ; A_2
00CC   34FF           00305         RETLW           b'11111111'     ; ESPACIO
                      00306         
                      00307 
                      00308 ; DISPLAY M2-IZQUIERDA
00CD                  00309 M2IZQ:
00CD   0782           00310         ADDWF           PCL, F
00CE   3433           00311         RETLW           b'00110011'     ; M_1
00CF   3488           00312         RETLW           b'10001000'     ; 2_1
00D0   34FF           00313         RETLW           b'11111111'     ; -_1
00D1   34CC           00314         RETLW           b'11001100'     ; I_1
00D2   34CC           00315         RETLW           b'11001100'     ; Z_1
00D3   3400           00316         RETLW           b'00000000'     ; Q_1
00D4   3403           00317         RETLW           b'00000011'     ; U_1
00D5   34CC           00318         RETLW           b'11001100'     ; I_1
00D6   340C           00319         RETLW           b'00001100'     ; E_1
00D7   3438           00320         RETLW           b'00111000'     ; R_1
00D8   34C0           00321         RETLW           b'11000000'     ; D_1
00D9   3430           00322         RETLW           b'00110000'     ; A_1
00DA   34FF           00323         RETLW           b'11111111'     ; ESPACIO
                      00324 
00DB                  00325 M2IZQ2:
00DB   0782           00326         ADDWF           PCL, F
00DC   34FA           00327         RETLW           b'11111010'     ; M_2
00DD   3477           00328         RETLW           b'01110111'     ; 2_2
00DE   3477           00329         RETLW           b'01110111'     ; -_2
00DF   34DD           00330         RETLW           b'11011101'     ; I_2
00E0   34BB           00331         RETLW           b'10111011'     ; Z_2
00E1   34EF           00332         RETLW           b'11101111'     ; Q_2
00E2   34FF           00333         RETLW           b'11111111'     ; U_2
00E3   34DD           00334         RETLW           b'11011101'     ; I_2
00E4   347F           00335         RETLW           b'01111111'     ; E_2
00E5   3467           00336         RETLW           b'01100111'     ; R_2
00E6   34DD           00337         RETLW           b'11011101'     ; D_2
00E7   3477           00338         RETLW           b'01110111'     ; A_2
00E8   34FF           00339         RETLW           b'11111111'     ; ESPACIO
                      00340 
                      00341 
                      00342 
                      00343 
                      00344 ; -----------------------------------------------RETARDO---------------------------------
00E9                  00345 RETARDO_400ms:
MPASM  5.50                 MOTOR_PUENTEH.ASM   4-11-2021  21:04:34         PAGE  8


LOC  OBJECT CODE     LINE SOURCE TEXT
  VALUE

00E9   3003           00346                 movlw   D'3'
00EA   00A2           00347                 movwf   CounterC
00EB   3008           00348                 movlw   D'8'
00EC   00A1           00349                 movwf   CounterB
00ED   3076           00350                 movlw   D'118'
00EE   00A0           00351                 movwf   CounterA
00EF   0BA0           00352 loop            decfsz  CounterA,1
00F0   28EF           00353                 goto    loop
00F1   0BA1           00354                 decfsz  CounterB,1
00F2   28EF           00355                 goto    loop
00F3   0BA2           00356                 decfsz  CounterC,1
00F4   28EF           00357                 goto    loop
00F5   3400           00358                 retlw   0
00F6   0008           00359                 RETURN
                      00360         END                      
MPASM  5.50                 MOTOR_PUENTEH.ASM   4-11-2021  21:04:34         PAGE  9


SYMBOL TABLE
  LABEL                             VALUE 

ABDEN                             00000000
ABDOVF                            00000007
ACKDT                             00000005
ACKEN                             00000004
ACKSTAT                           00000006
ADCON0                            0000001F
ADCON1                            0000009F
ADCS0                             00000006
ADCS1                             00000007
ADDEN                             00000003
ADFM                              00000007
ADIE                              00000006
ADIF                              00000006
ADON                              00000000
ADRESH                            0000001E
ADRESL                            0000009E
ANS0                              00000000
ANS1                              00000001
ANS10                             00000002
ANS11                             00000003
ANS12                             00000004
ANS13                             00000005
ANS2                              00000002
ANS3                              00000003
ANS4                              00000004
ANS5                              00000005
ANS6                              00000006
ANS7                              00000007
ANS8                              00000000
ANS9                              00000001
ANSEL                             00000188
ANSELH                            00000189
Aux                               00000023
BAUDCTL                           00000187
BCLIE                             00000003
BCLIF                             00000003
BF                                00000000
BRG0                              00000000
BRG1                              00000001
BRG10                             00000002
BRG11                             00000003
BRG12                             00000004
BRG13                             00000005
BRG14                             00000006
BRG15                             00000007
BRG16                             00000003
BRG2                              00000002
BRG3                              00000003
BRG4                              00000004
BRG5                              00000005
BRG6                              00000006
BRG7                              00000007
BRG8                              00000000
MPASM  5.50                 MOTOR_PUENTEH.ASM   4-11-2021  21:04:34         PAGE 10


SYMBOL TABLE
  LABEL                             VALUE 

BRG9                              00000001
BRGH                              00000002
C                                 00000000
C1CH0                             00000000
C1CH1                             00000001
C1IE                              00000005
C1IF                              00000005
C1OE                              00000005
C1ON                              00000007
C1OUT                             00000006
C1POL                             00000004
C1R                               00000002
C1RSEL                            00000005
C1SEN                             00000005
C2CH0                             00000000
C2CH1                             00000001
C2IE                              00000006
C2IF                              00000006
C2OE                              00000005
C2ON                              00000007
C2OUT                             00000006
C2POL                             00000004
C2R                               00000002
C2REN                             00000004
C2RSEL                            00000004
C2SYNC                            00000000
CCP1CON                           00000017
CCP1IE                            00000002
CCP1IF                            00000002
CCP1M0                            00000000
CCP1M1                            00000001
CCP1M2                            00000002
CCP1M3                            00000003
CCP1X                             00000005
CCP1Y                             00000004
CCP2CON                           0000001D
CCP2IE                            00000000
CCP2IF                            00000000
CCP2M0                            00000000
CCP2M1                            00000001
CCP2M2                            00000002
CCP2M3                            00000003
CCP2X                             00000005
CCP2Y                             00000004
CCPR1                             00000015
CCPR1H                            00000016
CCPR1L                            00000015
CCPR2                             0000001B
CCPR2H                            0000001C
CCPR2L                            0000001B
CCx                               0000002E
CHS0                              00000002
CHS1                              00000003
MPASM  5.50                 MOTOR_PUENTEH.ASM   4-11-2021  21:04:34         PAGE 11


SYMBOL TABLE
  LABEL                             VALUE 

CHS2                              00000004
CHS3                              00000005
CKE                               00000006
CKP                               00000004
CM1CON0                           00000107
CM2CON0                           00000108
CM2CON1                           00000109
CONTADOR                          00000031
CONTADOR1                         0000004A
CONTADOR2                         00000063
CONTADOR3                         0000007C
CREN                              00000004
CSRC                              00000007
CUx                               00000047
Cero0                             0000001A
Co                                00000025
Contador                          00000024
CounterA                          00000020
CounterB                          00000021
CounterC                          00000022
D                                 00000005
DATA_ADDRESS                      00000005
DC                                00000001
DC1B0                             00000004
DC1B1                             00000005
DC2B0                             00000004
DC2B1                             00000005
D_A                               00000005
D_NOT_A                           00000005
ECCPAS                            0000009C
ECCPAS0                           00000004
ECCPAS1                           00000005
ECCPAS2                           00000006
ECCPASE                           00000007
EEADR                             0000010D
EEADRH                            0000010F
EECON1                            0000018C
EECON2                            0000018D
EEDAT                             0000010C
EEDATA                            0000010C
EEDATH                            0000010E
EEIE                              00000004
EEIF                              00000004
EEPGD                             00000007
F                                 00000001
FERR                              00000002
FSR                               00000004
FVREN                             00000000
GCEN                              00000007
GIE                               00000007
GO                                00000001
GO_DONE                           00000001
GO_NOT_DONE                       00000001
MPASM  5.50                 MOTOR_PUENTEH.ASM   4-11-2021  21:04:34         PAGE 12


SYMBOL TABLE
  LABEL                             VALUE 

HTS                               00000002
I2C_DATA                          00000005
I2C_READ                          00000002
I2C_START                         00000003
I2C_STOP                          00000004
INDF                              00000000
INICIO                            00000014
INTCON                            0000000B
INTE                              00000004
INTEDG                            00000006
INTF                              00000001
IOCB                              00000096
IOCB0                             00000000
IOCB1                             00000001
IOCB2                             00000002
IOCB3                             00000003
IOCB4                             00000004
IOCB5                             00000005
IOCB6                             00000006
IOCB7                             00000007
IRCF0                             00000004
IRCF1                             00000005
IRCF2                             00000006
IRP                               00000007
LTS                               00000001
M1DER                             00000081
M1DER2                            0000008D
M1IZQ                             00000099
M1IZQ2                            000000A7
M2DER                             000000B5
M2DER2                            000000C1
M2IZQ                             000000CD
M2IZQ2                            000000DB
MC1OUT                            00000007
MC2OUT                            00000006
MSK                               00000093
MSK0                              00000000
MSK1                              00000001
MSK2                              00000002
MSK3                              00000003
MSK4                              00000004
MSK5                              00000005
MSK6                              00000006
MSK7                              00000007
NOT_A                             00000005
NOT_ADDRESS                       00000005
NOT_BO                            00000000
NOT_BOR                           00000000
NOT_DONE                          00000001
NOT_PD                            00000003
NOT_POR                           00000001
NOT_RBPU                          00000007
NOT_RC8                           00000006
MPASM  5.50                 MOTOR_PUENTEH.ASM   4-11-2021  21:04:34         PAGE 13


SYMBOL TABLE
  LABEL                             VALUE 

NOT_T1SYNC                        00000002
NOT_TO                            00000004
NOT_TX8                           00000006
NOT_W                             00000002
NOT_WRITE                         00000002
OERR                              00000001
OPTION_REG                        00000081
OSCCON                            0000008F
OSCTUNE                           00000090
OSFIE                             00000007
OSFIF                             00000007
OSTS                              00000003
P                                 00000004
P1M0                              00000006
P1M1                              00000007
PCL                               00000002
PCLATH                            0000000A
PCON                              0000008E
PDC0                              00000000
PDC1                              00000001
PDC2                              00000002
PDC3                              00000003
PDC4                              00000004
PDC5                              00000005
PDC6                              00000006
PEIE                              00000006
PEN                               00000002
PIE1                              0000008C
PIE2                              0000008D
PIR1                              0000000C
PIR2                              0000000D
PORTA                             00000005
PORTB                             00000006
PORTC                             00000007
PORTD                             00000008
PORTE                             00000009
PR2                               00000092
PRINT_M1DER                       00000021
PRINT_M1DER2                      00000025
PRINT_M1IZQ                       0000003A
PRINT_M1IZQ2                      0000003E
PRINT_M2DER                       00000053
PRINT_M2DER2                      00000057
PRINT_M2IZQ                       0000006C
PRINT_M2IZQ2                      00000070
PRSEN                             00000007
PS0                               00000000
PS1                               00000001
PS2                               00000002
PSA                               00000003
PSSAC0                            00000002
PSSAC1                            00000003
PSSBD0                            00000000
MPASM  5.50                 MOTOR_PUENTEH.ASM   4-11-2021  21:04:34         PAGE 14


SYMBOL TABLE
  LABEL                             VALUE 

PSSBD1                            00000001
PSTRCON                           0000009D
PUERTOS                           00000002
PULSR                             00000002
PULSS                             00000003
PWM1CON                           0000009B
R                                 00000002
RA0                               00000000
RA1                               00000001
RA2                               00000002
RA3                               00000003
RA4                               00000004
RA5                               00000005
RA6                               00000006
RA7                               00000007
RB0                               00000000
RB1                               00000001
RB2                               00000002
RB3                               00000003
RB4                               00000004
RB5                               00000005
RB6                               00000006
RB7                               00000007
RBIE                              00000003
RBIF                              00000000
RC0                               00000000
RC1                               00000001
RC2                               00000002
RC3                               00000003
RC4                               00000004
RC5                               00000005
RC6                               00000006
RC7                               00000007
RC8_9                             00000006
RC9                               00000006
RCD8                              00000000
RCEN                              00000003
RCIDL                             00000006
RCIE                              00000005
RCIF                              00000005
RCREG                             0000001A
RCSTA                             00000018
RD                                00000000
RD0                               00000000
RD1                               00000001
RD2                               00000002
RD3                               00000003
RD4                               00000004
RD5                               00000005
RD6                               00000006
RD7                               00000007
RE0                               00000000
RE1                               00000001
MPASM  5.50                 MOTOR_PUENTEH.ASM   4-11-2021  21:04:34         PAGE 15


SYMBOL TABLE
  LABEL                             VALUE 

RE2                               00000002
RE3                               00000003
READ_WRITE                        00000002
RETARDO_400ms                     000000E9
RP0                               00000005
RP1                               00000006
RSEN                              00000001
RX9                               00000006
RX9D                              00000000
R_NOT_W                           00000002
R_W                               00000002
S                                 00000003
SBOREN                            00000004
SCKP                              00000004
SCS                               00000000
SEC0                              0000001D
SEC1                              00000036
SEC2                              0000004F
SEC3                              00000068
SEN                               00000000
SENDB                             00000003
SMP                               00000007
SPBRG                             00000099
SPBRGH                            0000009A
SPEN                              00000007
SR0                               00000006
SR1                               00000007
SRCON                             00000185
SREN                              00000005
SSPADD                            00000093
SSPBUF                            00000013
SSPCON                            00000014
SSPCON2                           00000091
SSPEN                             00000005
SSPIE                             00000003
SSPIF                             00000003
SSPM0                             00000000
SSPM1                             00000001
SSPM2                             00000002
SSPM3                             00000003
SSPMSK                            00000093
SSPOV                             00000006
SSPSTAT                           00000094
STATUS                            00000003
STRA                              00000000
STRB                              00000001
STRC                              00000002
STRD                              00000003
STRSYNC                           00000004
SWDTEN                            00000000
SYNC                              00000004
T0CS                              00000005
T0IE                              00000005
MPASM  5.50                 MOTOR_PUENTEH.ASM   4-11-2021  21:04:34         PAGE 16


SYMBOL TABLE
  LABEL                             VALUE 

T0IF                              00000002
T0SE                              00000004
T1CKPS0                           00000004
T1CKPS1                           00000005
T1CON                             00000010
T1GINV                            00000007
T1GIV                             00000007
T1GSS                             00000001
T1INSYNC                          00000002
T1OSCEN                           00000003
T1SYNC                            00000002
T2CKPS0                           00000000
T2CKPS1                           00000001
T2CON                             00000012
TMR0                              00000001
TMR0IE                            00000005
TMR0IF                            00000002
TMR1                              0000000E
TMR1CS                            00000001
TMR1GE                            00000006
TMR1H                             0000000F
TMR1IE                            00000000
TMR1IF                            00000000
TMR1L                             0000000E
TMR1ON                            00000000
TMR2                              00000011
TMR2IE                            00000001
TMR2IF                            00000001
TMR2ON                            00000002
TOUTPS0                           00000003
TOUTPS1                           00000004
TOUTPS2                           00000005
TOUTPS3                           00000006
TRISA                             00000085
TRISA0                            00000000
TRISA1                            00000001
TRISA2                            00000002
TRISA3                            00000003
TRISA4                            00000004
TRISA5                            00000005
TRISA6                            00000006
TRISA7                            00000007
TRISB                             00000086
TRISB0                            00000000
TRISB1                            00000001
TRISB2                            00000002
TRISB3                            00000003
TRISB4                            00000004
TRISB5                            00000005
TRISB6                            00000006
TRISB7                            00000007
TRISC                             00000087
TRISC0                            00000000
MPASM  5.50                 MOTOR_PUENTEH.ASM   4-11-2021  21:04:34         PAGE 17


SYMBOL TABLE
  LABEL                             VALUE 

TRISC1                            00000001
TRISC2                            00000002
TRISC3                            00000003
TRISC4                            00000004
TRISC5                            00000005
TRISC6                            00000006
TRISC7                            00000007
TRISD                             00000088
TRISD0                            00000000
TRISD1                            00000001
TRISD2                            00000002
TRISD3                            00000003
TRISD4                            00000004
TRISD5                            00000005
TRISD6                            00000006
TRISD7                            00000007
TRISE                             00000089
TRISE0                            00000000
TRISE1                            00000001
TRISE2                            00000002
TRISE3                            00000003
TRMT                              00000001
TUN0                              00000000
TUN1                              00000001
TUN2                              00000002
TUN3                              00000003
TUN4                              00000004
TX8_9                             00000006
TX9                               00000006
TX9D                              00000000
TXD8                              00000000
TXEN                              00000005
TXIE                              00000004
TXIF                              00000004
TXREG                             00000019
TXSTA                             00000098
UA                                00000001
UCx                               00000060
ULPWUE                            00000005
ULPWUIE                           00000002
ULPWUIF                           00000002
UUx                               00000079
Uno0                              00000017
VCFG0                             00000004
VCFG1                             00000005
VR0                               00000000
VR1                               00000001
VR2                               00000002
VR3                               00000003
VRCON                             00000097
VREN                              00000007
VROE                              00000006
VRR                               00000005
MPASM  5.50                 MOTOR_PUENTEH.ASM   4-11-2021  21:04:34         PAGE 18


SYMBOL TABLE
  LABEL                             VALUE 

VRSS                              00000004
W                                 00000000
WCOL                              00000007
WDTCON                            00000105
WDTPS0                            00000001
WDTPS1                            00000002
WDTPS2                            00000003
WDTPS3                            00000004
WPUB                              00000095
WPUB0                             00000000
WPUB1                             00000001
WPUB2                             00000002
WPUB3                             00000003
WPUB4                             00000004
WPUB5                             00000005
WPUB6                             00000006
WPUB7                             00000007
WR                                00000001
WREN                              00000002
WRERR                             00000003
WUE                               00000001
Z                                 00000002
_BOR21V                           00003EFF
_BOR40V                           00003FFF
_BOR4V_BOR21V                     00003EFF
_BOR4V_BOR40V                     00003FFF
_BOREN_NSLEEP                     00003EFF
_BOREN_OFF                        00003CFF
_BOREN_ON                         00003FFF
_BOREN_SBODEN                     00003DFF
_BOR_NSLEEP                       00003EFF
_BOR_OFF                          00003CFF
_BOR_ON                           00003FFF
_BOR_SBODEN                       00003DFF
_CONFIG1                          00002007
_CONFIG2                          00002008
_CPD_OFF                          00003FFF
_CPD_ON                           00003F7F
_CP_OFF                           00003FFF
_CP_ON                            00003FBF
_DEBUG_OFF                        00003FFF
_DEBUG_ON                         00001FFF
_DEVID1                           00002006
_EC_OSC                           00003FFB
_EXTRC                            00003FFF
_EXTRCIO                          00003FFE
_EXTRC_OSC_CLKOUT                 00003FFF
_EXTRC_OSC_NOCLKOUT               00003FFE
_FCMEN_OFF                        000037FF
_FCMEN_ON                         00003FFF
_FOSC_EC                          00003FFB
_FOSC_EXTRC_CLKOUT                00003FFF
_FOSC_EXTRC_NOCLKOUT              00003FFE
MPASM  5.50                 MOTOR_PUENTEH.ASM   4-11-2021  21:04:34         PAGE 19


SYMBOL TABLE
  LABEL                             VALUE 

_FOSC_HS                          00003FFA
_FOSC_INTRC_CLKOUT                00003FFD
_FOSC_INTRC_NOCLKOUT              00003FFC
_FOSC_LP                          00003FF8
_FOSC_XT                          00003FF9
_HS_OSC                           00003FFA
_IDLOC0                           00002000
_IDLOC1                           00002001
_IDLOC2                           00002002
_IDLOC3                           00002003
_IESO_OFF                         00003BFF
_IESO_ON                          00003FFF
_INTOSC                           00003FFD
_INTOSCIO                         00003FFC
_INTRC_OSC_CLKOUT                 00003FFD
_INTRC_OSC_NOCLKOUT               00003FFC
_LP_OSC                           00003FF8
_LVP_OFF                          00002FFF
_LVP_ON                           00003FFF
_MCLRE_OFF                        00003FDF
_MCLRE_ON                         00003FFF
_PWRTE_OFF                        00003FFF
_PWRTE_ON                         00003FEF
_WDTE_OFF                         00003FF7
_WDTE_ON                          00003FFF
_WDT_OFF                          00003FF7
_WDT_ON                           00003FFF
_WRT_1FOURTH                      00003BFF
_WRT_256                          00003DFF
_WRT_HALF                         000039FF
_WRT_OFF                          00003FFF
_XT_OSC                           00003FF9
__16F887                          00000001
loop                              000000EF


MEMORY USAGE MAP ('X' = Used,  '-' = Unused)

0000 : XXXXXXXXXXXXXXXX XXXXXXXXXXXXXXXX XXXXXXXXXXXXXXXX XXXXXXXXXXXXXXXX
0040 : XXXXXXXXXXXXXXXX XXXXXXXXXXXXXXXX XXXXXXXXXXXXXXXX XXXXXXXXXXXXXXXX
0080 : XXXXXXXXXXXXXXXX XXXXXXXXXXXXXXXX XXXXXXXXXXXXXXXX XXXXXXXXXXXXXXXX
00C0 : XXXXXXXXXXXXXXXX XXXXXXXXXXXXXXXX XXXXXXXXXXXXXXXX XXXXXXX---------
2000 : -------XX------- ---------------- ---------------- ----------------

All other memory blocks unused.

Program Memory Words Used:   247
Program Memory Words Free:  7945


MPASM  5.50                 MOTOR_PUENTEH.ASM   4-11-2021  21:04:34         PAGE 20





Errors   :     0
Warnings :    10 reported,     0 suppressed
Messages :     6 reported,     0 suppressed

