MPLINK 4.48, Linker
Linker Map File - Created Thu Mar 04 11:56:59 2021

                                 Section Info
                  Section       Type    Address   Location Size(Bytes)
                ---------  ---------  ---------  ---------  ---------
                   .org_0       code   0x000000    program   0x000000
                   .org_1       code   0x000000    program   0x000040
.config_2007_SUMADEFINITIVO.O       code   0x002007    program   0x000002
.config_2008_SUMADEFINITIVO.O       code   0x002008    program   0x000002



                              Program Memory Usage 
                               Start         End      
                           ---------   ---------      
                            0x000000    0x00001f      
                            0x002007    0x002008      
            34 out of 8455 program addresses used, program memory utilization is 0%



                              Symbols - Sorted by Name
                     Name    Address   Location    Storage File                     
                ---------  ---------  ---------  --------- ---------                
             CARGAR_DATOS   0x000012    program     static C:\Users\gusta\OneDrive\Escritorio\PROYECTOS_MPLAB\SumaDEFINITIVO\SumaDEFINITIVO.asm
                  CARRY_0   0x00001c    program     static C:\Users\gusta\OneDrive\Escritorio\PROYECTOS_MPLAB\SumaDEFINITIVO\SumaDEFINITIVO.asm
                  CARRY_1   0x00001e    program     static C:\Users\gusta\OneDrive\Escritorio\PROYECTOS_MPLAB\SumaDEFINITIVO\SumaDEFINITIVO.asm
                   INICIO   0x000001    program     static C:\Users\gusta\OneDrive\Escritorio\PROYECTOS_MPLAB\SumaDEFINITIVO\SumaDEFINITIVO.asm



                              Symbols - Sorted by Address
                     Name    Address   Location    Storage File                     
                ---------  ---------  ---------  --------- ---------                
                   INICIO   0x000001    program     static C:\Users\gusta\OneDrive\Escritorio\PROYECTOS_MPLAB\SumaDEFINITIVO\SumaDEFINITIVO.asm
             CARGAR_DATOS   0x000012    program     static C:\Users\gusta\OneDrive\Escritorio\PROYECTOS_MPLAB\SumaDEFINITIVO\SumaDEFINITIVO.asm
                  CARRY_0   0x00001c    program     static C:\Users\gusta\OneDrive\Escritorio\PROYECTOS_MPLAB\SumaDEFINITIVO\SumaDEFINITIVO.asm
                  CARRY_1   0x00001e    program     static C:\Users\gusta\OneDrive\Escritorio\PROYECTOS_MPLAB\SumaDEFINITIVO\SumaDEFINITIVO.asm


