MPLINK 4.48, Linker
Linker Map File - Created Fri Apr 30 19:09:10 2021

                                 Section Info
                  Section       Type    Address   Location Size(Bytes)
                ---------  ---------  ---------  ---------  ---------
                   .org_0       code   0x000000    program   0x000000
                   .org_1       code   0x000000    program   0x0000c4
       .config_2007_NDI.O       code   0x002007    program   0x000002
       .config_2008_NDI.O       code   0x002008    program   0x000002



                              Program Memory Usage 
                               Start         End      
                           ---------   ---------      
                            0x000000    0x000061      
                            0x002007    0x002008      
            100 out of 8455 program addresses used, program memory utilization is 1%



                              Symbols - Sorted by Name
                     Name    Address   Location    Storage File                     
                ---------  ---------  ---------  --------- ---------                
                 CONTADOR   0x000019    program     static C:\Users\gusta\OneDrive\Escritorio\PROYECTOS_MPLAB\Nombre_Display_Inverso\ndi.asm
                 DISPLAY1   0x00000f    program     static C:\Users\gusta\OneDrive\Escritorio\PROYECTOS_MPLAB\Nombre_Display_Inverso\ndi.asm
                 DISPLAY2   0x000013    program     static C:\Users\gusta\OneDrive\Escritorio\PROYECTOS_MPLAB\Nombre_Display_Inverso\ndi.asm
                   INICIO   0x00000d    program     static C:\Users\gusta\OneDrive\Escritorio\PROYECTOS_MPLAB\Nombre_Display_Inverso\ndi.asm
                  PUERTOS   0x000001    program     static C:\Users\gusta\OneDrive\Escritorio\PROYECTOS_MPLAB\Nombre_Display_Inverso\ndi.asm
            RETARDO_400ms   0x000054    program     static C:\Users\gusta\OneDrive\Escritorio\PROYECTOS_MPLAB\Nombre_Display_Inverso\ndi.asm
                   TABLA1   0x00001e    program     static C:\Users\gusta\OneDrive\Escritorio\PROYECTOS_MPLAB\Nombre_Display_Inverso\ndi.asm
                   TABLA2   0x000039    program     static C:\Users\gusta\OneDrive\Escritorio\PROYECTOS_MPLAB\Nombre_Display_Inverso\ndi.asm
                     loop   0x00005a    program     static C:\Users\gusta\OneDrive\Escritorio\PROYECTOS_MPLAB\Nombre_Display_Inverso\ndi.asm



                              Symbols - Sorted by Address
                     Name    Address   Location    Storage File                     
                ---------  ---------  ---------  --------- ---------                
                  PUERTOS   0x000001    program     static C:\Users\gusta\OneDrive\Escritorio\PROYECTOS_MPLAB\Nombre_Display_Inverso\ndi.asm
                   INICIO   0x00000d    program     static C:\Users\gusta\OneDrive\Escritorio\PROYECTOS_MPLAB\Nombre_Display_Inverso\ndi.asm
                 DISPLAY1   0x00000f    program     static C:\Users\gusta\OneDrive\Escritorio\PROYECTOS_MPLAB\Nombre_Display_Inverso\ndi.asm
                 DISPLAY2   0x000013    program     static C:\Users\gusta\OneDrive\Escritorio\PROYECTOS_MPLAB\Nombre_Display_Inverso\ndi.asm
                 CONTADOR   0x000019    program     static C:\Users\gusta\OneDrive\Escritorio\PROYECTOS_MPLAB\Nombre_Display_Inverso\ndi.asm
                   TABLA1   0x00001e    program     static C:\Users\gusta\OneDrive\Escritorio\PROYECTOS_MPLAB\Nombre_Display_Inverso\ndi.asm
                   TABLA2   0x000039    program     static C:\Users\gusta\OneDrive\Escritorio\PROYECTOS_MPLAB\Nombre_Display_Inverso\ndi.asm
            RETARDO_400ms   0x000054    program     static C:\Users\gusta\OneDrive\Escritorio\PROYECTOS_MPLAB\Nombre_Display_Inverso\ndi.asm
                     loop   0x00005a    program     static C:\Users\gusta\OneDrive\Escritorio\PROYECTOS_MPLAB\Nombre_Display_Inverso\ndi.asm


