MPLINK 4.48, Linker
Linker Map File - Created Sun Apr 25 21:14:32 2021

                                 Section Info
                  Section       Type    Address   Location Size(Bytes)
                ---------  ---------  ---------  ---------  ---------
                   .org_0       code   0x000000    program   0x000000
                   .org_1       code   0x000000    program   0x000002
                   .org_2       code   0x000004    program   0x0000e4
.config_2007_CRONOMETRO_PRUEBA.O       code   0x002007    program   0x000002
.config_2008_CRONOMETRO_PRUEBA.O       code   0x002008    program   0x000002



                              Program Memory Usage 
                               Start         End      
                           ---------   ---------      
                            0x000000    0x000000      
                            0x000004    0x000075      
                            0x002007    0x002008      
            117 out of 8455 program addresses used, program memory utilization is 1%



                              Symbols - Sorted by Name
                     Name    Address   Location    Storage File                     
                ---------  ---------  ---------  --------- ---------                
                    CENTE   0x000031    program     static C:\Users\gusta\OneDrive\Escritorio\PROYECTOS_MPLAB\cronometro_Prueba\cronometro_Prueba.asm
                    CICLO   0x00004d    program     static C:\Users\gusta\OneDrive\Escritorio\PROYECTOS_MPLAB\cronometro_Prueba\cronometro_Prueba.asm
               CONFI_TMR0   0x000013    program     static C:\Users\gusta\OneDrive\Escritorio\PROYECTOS_MPLAB\cronometro_Prueba\cronometro_Prueba.asm
                     DECE   0x00002a    program     static C:\Users\gusta\OneDrive\Escritorio\PROYECTOS_MPLAB\cronometro_Prueba\cronometro_Prueba.asm
                   INICIO   0x00001b    program     static C:\Users\gusta\OneDrive\Escritorio\PROYECTOS_MPLAB\cronometro_Prueba\cronometro_Prueba.asm
                  INTCONN   0x000014    program     static C:\Users\gusta\OneDrive\Escritorio\PROYECTOS_MPLAB\cronometro_Prueba\cronometro_Prueba.asm
             INTERRUPCION   0x000042    program     static C:\Users\gusta\OneDrive\Escritorio\PROYECTOS_MPLAB\cronometro_Prueba\cronometro_Prueba.asm
                     MILL   0x000039    program     static C:\Users\gusta\OneDrive\Escritorio\PROYECTOS_MPLAB\cronometro_Prueba\cronometro_Prueba.asm
              OPTION_REGG   0x000017    program     static C:\Users\gusta\OneDrive\Escritorio\PROYECTOS_MPLAB\cronometro_Prueba\cronometro_Prueba.asm
                  PUERTOS   0x000005    program     static C:\Users\gusta\OneDrive\Escritorio\PROYECTOS_MPLAB\cronometro_Prueba\cronometro_Prueba.asm
                  RETARDO   0x000068    program     static C:\Users\gusta\OneDrive\Escritorio\PROYECTOS_MPLAB\cronometro_Prueba\cronometro_Prueba.asm
                    TABLA   0x00005d    program     static C:\Users\gusta\OneDrive\Escritorio\PROYECTOS_MPLAB\cronometro_Prueba\cronometro_Prueba.asm
                      UNI   0x000023    program     static C:\Users\gusta\OneDrive\Escritorio\PROYECTOS_MPLAB\cronometro_Prueba\cronometro_Prueba.asm
                     loop   0x00006e    program     static C:\Users\gusta\OneDrive\Escritorio\PROYECTOS_MPLAB\cronometro_Prueba\cronometro_Prueba.asm



                              Symbols - Sorted by Address
                     Name    Address   Location    Storage File                     
                ---------  ---------  ---------  --------- ---------                
                  PUERTOS   0x000005    program     static C:\Users\gusta\OneDrive\Escritorio\PROYECTOS_MPLAB\cronometro_Prueba\cronometro_Prueba.asm
               CONFI_TMR0   0x000013    program     static C:\Users\gusta\OneDrive\Escritorio\PROYECTOS_MPLAB\cronometro_Prueba\cronometro_Prueba.asm
                  INTCONN   0x000014    program     static C:\Users\gusta\OneDrive\Escritorio\PROYECTOS_MPLAB\cronometro_Prueba\cronometro_Prueba.asm
              OPTION_REGG   0x000017    program     static C:\Users\gusta\OneDrive\Escritorio\PROYECTOS_MPLAB\cronometro_Prueba\cronometro_Prueba.asm
                   INICIO   0x00001b    program     static C:\Users\gusta\OneDrive\Escritorio\PROYECTOS_MPLAB\cronometro_Prueba\cronometro_Prueba.asm
                      UNI   0x000023    program     static C:\Users\gusta\OneDrive\Escritorio\PROYECTOS_MPLAB\cronometro_Prueba\cronometro_Prueba.asm
                     DECE   0x00002a    program     static C:\Users\gusta\OneDrive\Escritorio\PROYECTOS_MPLAB\cronometro_Prueba\cronometro_Prueba.asm
                    CENTE   0x000031    program     static C:\Users\gusta\OneDrive\Escritorio\PROYECTOS_MPLAB\cronometro_Prueba\cronometro_Prueba.asm
                     MILL   0x000039    program     static C:\Users\gusta\OneDrive\Escritorio\PROYECTOS_MPLAB\cronometro_Prueba\cronometro_Prueba.asm
             INTERRUPCION   0x000042    program     static C:\Users\gusta\OneDrive\Escritorio\PROYECTOS_MPLAB\cronometro_Prueba\cronometro_Prueba.asm
                    CICLO   0x00004d    program     static C:\Users\gusta\OneDrive\Escritorio\PROYECTOS_MPLAB\cronometro_Prueba\cronometro_Prueba.asm
                    TABLA   0x00005d    program     static C:\Users\gusta\OneDrive\Escritorio\PROYECTOS_MPLAB\cronometro_Prueba\cronometro_Prueba.asm
                  RETARDO   0x000068    program     static C:\Users\gusta\OneDrive\Escritorio\PROYECTOS_MPLAB\cronometro_Prueba\cronometro_Prueba.asm
                     loop   0x00006e    program     static C:\Users\gusta\OneDrive\Escritorio\PROYECTOS_MPLAB\cronometro_Prueba\cronometro_Prueba.asm


