MPLINK 4.48, Linker
Linker Map File - Created Sat Apr 24 20:00:58 2021

                                 Section Info
                  Section       Type    Address   Location Size(Bytes)
                ---------  ---------  ---------  ---------  ---------
                   .org_0       code   0x000000    program   0x000000
                   .org_1       code   0x000000    program   0x000002
                   .org_2       code   0x000004    program   0x0000dc
.config_2007_CRONOMETRO_PRUEBA.O       code   0x002007    program   0x000002
.config_2008_CRONOMETRO_PRUEBA.O       code   0x002008    program   0x000002



                              Program Memory Usage 
                               Start         End      
                           ---------   ---------      
                            0x000000    0x000000      
                            0x000004    0x000071      
                            0x002007    0x002008      
            113 out of 8455 program addresses used, program memory utilization is 1%



                              Symbols - Sorted by Name
                     Name    Address   Location    Storage File                     
                ---------  ---------  ---------  --------- ---------                
                    CENTE   0x00002e    program     static C:\Users\gusta\OneDrive\Escritorio\PROYECTOS_MPLAB\cronometro_Prueba\cronometro_Prueba.asm
                    CICLO   0x000049    program     static C:\Users\gusta\OneDrive\Escritorio\PROYECTOS_MPLAB\cronometro_Prueba\cronometro_Prueba.asm
               CONFI_TMR0   0x000010    program     static C:\Users\gusta\OneDrive\Escritorio\PROYECTOS_MPLAB\cronometro_Prueba\cronometro_Prueba.asm
                     DECE   0x000027    program     static C:\Users\gusta\OneDrive\Escritorio\PROYECTOS_MPLAB\cronometro_Prueba\cronometro_Prueba.asm
                   INICIO   0x000018    program     static C:\Users\gusta\OneDrive\Escritorio\PROYECTOS_MPLAB\cronometro_Prueba\cronometro_Prueba.asm
                  INTCONN   0x000011    program     static C:\Users\gusta\OneDrive\Escritorio\PROYECTOS_MPLAB\cronometro_Prueba\cronometro_Prueba.asm
             INTERRUPCION   0x00003f    program     static C:\Users\gusta\OneDrive\Escritorio\PROYECTOS_MPLAB\cronometro_Prueba\cronometro_Prueba.asm
                     MILL   0x000036    program     static C:\Users\gusta\OneDrive\Escritorio\PROYECTOS_MPLAB\cronometro_Prueba\cronometro_Prueba.asm
              OPTION_REGG   0x000014    program     static C:\Users\gusta\OneDrive\Escritorio\PROYECTOS_MPLAB\cronometro_Prueba\cronometro_Prueba.asm
                  PUERTOS   0x000005    program     static C:\Users\gusta\OneDrive\Escritorio\PROYECTOS_MPLAB\cronometro_Prueba\cronometro_Prueba.asm
                  RETARDO   0x000064    program     static C:\Users\gusta\OneDrive\Escritorio\PROYECTOS_MPLAB\cronometro_Prueba\cronometro_Prueba.asm
                    TABLA   0x000059    program     static C:\Users\gusta\OneDrive\Escritorio\PROYECTOS_MPLAB\cronometro_Prueba\cronometro_Prueba.asm
                      UNI   0x000020    program     static C:\Users\gusta\OneDrive\Escritorio\PROYECTOS_MPLAB\cronometro_Prueba\cronometro_Prueba.asm
                     loop   0x00006a    program     static C:\Users\gusta\OneDrive\Escritorio\PROYECTOS_MPLAB\cronometro_Prueba\cronometro_Prueba.asm



                              Symbols - Sorted by Address
                     Name    Address   Location    Storage File                     
                ---------  ---------  ---------  --------- ---------                
                  PUERTOS   0x000005    program     static C:\Users\gusta\OneDrive\Escritorio\PROYECTOS_MPLAB\cronometro_Prueba\cronometro_Prueba.asm
               CONFI_TMR0   0x000010    program     static C:\Users\gusta\OneDrive\Escritorio\PROYECTOS_MPLAB\cronometro_Prueba\cronometro_Prueba.asm
                  INTCONN   0x000011    program     static C:\Users\gusta\OneDrive\Escritorio\PROYECTOS_MPLAB\cronometro_Prueba\cronometro_Prueba.asm
              OPTION_REGG   0x000014    program     static C:\Users\gusta\OneDrive\Escritorio\PROYECTOS_MPLAB\cronometro_Prueba\cronometro_Prueba.asm
                   INICIO   0x000018    program     static C:\Users\gusta\OneDrive\Escritorio\PROYECTOS_MPLAB\cronometro_Prueba\cronometro_Prueba.asm
                      UNI   0x000020    program     static C:\Users\gusta\OneDrive\Escritorio\PROYECTOS_MPLAB\cronometro_Prueba\cronometro_Prueba.asm
                     DECE   0x000027    program     static C:\Users\gusta\OneDrive\Escritorio\PROYECTOS_MPLAB\cronometro_Prueba\cronometro_Prueba.asm
                    CENTE   0x00002e    program     static C:\Users\gusta\OneDrive\Escritorio\PROYECTOS_MPLAB\cronometro_Prueba\cronometro_Prueba.asm
                     MILL   0x000036    program     static C:\Users\gusta\OneDrive\Escritorio\PROYECTOS_MPLAB\cronometro_Prueba\cronometro_Prueba.asm
             INTERRUPCION   0x00003f    program     static C:\Users\gusta\OneDrive\Escritorio\PROYECTOS_MPLAB\cronometro_Prueba\cronometro_Prueba.asm
                    CICLO   0x000049    program     static C:\Users\gusta\OneDrive\Escritorio\PROYECTOS_MPLAB\cronometro_Prueba\cronometro_Prueba.asm
                    TABLA   0x000059    program     static C:\Users\gusta\OneDrive\Escritorio\PROYECTOS_MPLAB\cronometro_Prueba\cronometro_Prueba.asm
                  RETARDO   0x000064    program     static C:\Users\gusta\OneDrive\Escritorio\PROYECTOS_MPLAB\cronometro_Prueba\cronometro_Prueba.asm
                     loop   0x00006a    program     static C:\Users\gusta\OneDrive\Escritorio\PROYECTOS_MPLAB\cronometro_Prueba\cronometro_Prueba.asm


