MPLINK 4.48, Linker
Linker Map File - Created Thu Mar 25 17:39:02 2021

                                 Section Info
                  Section       Type    Address   Location Size(Bytes)
                ---------  ---------  ---------  ---------  ---------
                   .org_0       code   0x000000    program   0x000000
                   .org_1       code   0x000000    program   0x00007a
      .config_2007_ABER.O       code   0x002007    program   0x000002
      .config_2008_ABER.O       code   0x002008    program   0x000002



                              Program Memory Usage 
                               Start         End      
                           ---------   ---------      
                            0x000000    0x00003c      
                            0x002007    0x002008      
            63 out of 8455 program addresses used, program memory utilization is 0%



                              Symbols - Sorted by Name
                     Name    Address   Location    Storage File                     
                ---------  ---------  ---------  --------- ---------                
           CONFIGURA_PTOS   0x000002    program     static C:\Users\gusta\OneDrive\Escritorio\PROYECTOS_MPLAB\Pruebas\aber.asm
                   INICIO   0x000012    program     static C:\Users\gusta\OneDrive\Escritorio\PROYECTOS_MPLAB\Pruebas\aber.asm
                     NO_0   0x000018    program     static C:\Users\gusta\OneDrive\Escritorio\PROYECTOS_MPLAB\Pruebas\aber.asm
         RECORRER_DERECHA   0x000025    program     static C:\Users\gusta\OneDrive\Escritorio\PROYECTOS_MPLAB\Pruebas\aber.asm
       RECORRER_IZQUIERDA   0x00001e    program     static C:\Users\gusta\OneDrive\Escritorio\PROYECTOS_MPLAB\Pruebas\aber.asm
           RETARDO_.400ms   0x00002f    program     static C:\Users\gusta\OneDrive\Escritorio\PROYECTOS_MPLAB\Pruebas\aber.asm
                    SEC_0   0x00001b    program     static C:\Users\gusta\OneDrive\Escritorio\PROYECTOS_MPLAB\Pruebas\aber.asm
                    SEC_1   0x000029    program     static C:\Users\gusta\OneDrive\Escritorio\PROYECTOS_MPLAB\Pruebas\aber.asm
                    SEC_2   0x00002a    program     static C:\Users\gusta\OneDrive\Escritorio\PROYECTOS_MPLAB\Pruebas\aber.asm
                    SEC_3   0x00002e    program     static C:\Users\gusta\OneDrive\Escritorio\PROYECTOS_MPLAB\Pruebas\aber.asm
                     SI_0   0x000015    program     static C:\Users\gusta\OneDrive\Escritorio\PROYECTOS_MPLAB\Pruebas\aber.asm
                VERIFICAR   0x000022    program     static C:\Users\gusta\OneDrive\Escritorio\PROYECTOS_MPLAB\Pruebas\aber.asm
                     loop   0x000035    program     static C:\Users\gusta\OneDrive\Escritorio\PROYECTOS_MPLAB\Pruebas\aber.asm



                              Symbols - Sorted by Address
                     Name    Address   Location    Storage File                     
                ---------  ---------  ---------  --------- ---------                
           CONFIGURA_PTOS   0x000002    program     static C:\Users\gusta\OneDrive\Escritorio\PROYECTOS_MPLAB\Pruebas\aber.asm
                   INICIO   0x000012    program     static C:\Users\gusta\OneDrive\Escritorio\PROYECTOS_MPLAB\Pruebas\aber.asm
                     SI_0   0x000015    program     static C:\Users\gusta\OneDrive\Escritorio\PROYECTOS_MPLAB\Pruebas\aber.asm
                     NO_0   0x000018    program     static C:\Users\gusta\OneDrive\Escritorio\PROYECTOS_MPLAB\Pruebas\aber.asm
                    SEC_0   0x00001b    program     static C:\Users\gusta\OneDrive\Escritorio\PROYECTOS_MPLAB\Pruebas\aber.asm
       RECORRER_IZQUIERDA   0x00001e    program     static C:\Users\gusta\OneDrive\Escritorio\PROYECTOS_MPLAB\Pruebas\aber.asm
                VERIFICAR   0x000022    program     static C:\Users\gusta\OneDrive\Escritorio\PROYECTOS_MPLAB\Pruebas\aber.asm
         RECORRER_DERECHA   0x000025    program     static C:\Users\gusta\OneDrive\Escritorio\PROYECTOS_MPLAB\Pruebas\aber.asm
                    SEC_1   0x000029    program     static C:\Users\gusta\OneDrive\Escritorio\PROYECTOS_MPLAB\Pruebas\aber.asm
                    SEC_2   0x00002a    program     static C:\Users\gusta\OneDrive\Escritorio\PROYECTOS_MPLAB\Pruebas\aber.asm
                    SEC_3   0x00002e    program     static C:\Users\gusta\OneDrive\Escritorio\PROYECTOS_MPLAB\Pruebas\aber.asm
           RETARDO_.400ms   0x00002f    program     static C:\Users\gusta\OneDrive\Escritorio\PROYECTOS_MPLAB\Pruebas\aber.asm
                     loop   0x000035    program     static C:\Users\gusta\OneDrive\Escritorio\PROYECTOS_MPLAB\Pruebas\aber.asm


