MPLINK 4.48, Linker
Linker Map File - Created Tue Mar 23 22:12:48 2021

                                 Section Info
                  Section       Type    Address   Location Size(Bytes)
                ---------  ---------  ---------  ---------  ---------
                   .org_0       code   0x000000    program   0x000000
                   .org_1       code   0x000000    program   0x000032
   .config_2007_PRUEBAS.O       code   0x002007    program   0x000002
   .config_2008_PRUEBAS.O       code   0x002008    program   0x000002



                              Program Memory Usage 
                               Start         End      
                           ---------   ---------      
                            0x000000    0x000018      
                            0x002007    0x002008      
            27 out of 8455 program addresses used, program memory utilization is 0%



                              Symbols - Sorted by Name
                     Name    Address   Location    Storage File                     
                ---------  ---------  ---------  --------- ---------                
                   INICIO   0x000001    program     static C:\Users\gusta\OneDrive\Escritorio\PROYECTOS_MPLAB\Pruebas\pruebas.asm
                PRINCIPAL   0x00000c    program     static C:\Users\gusta\OneDrive\Escritorio\PROYECTOS_MPLAB\Pruebas\pruebas.asm
                    TABLA   0x000011    program     static C:\Users\gusta\OneDrive\Escritorio\PROYECTOS_MPLAB\Pruebas\pruebas.asm



                              Symbols - Sorted by Address
                     Name    Address   Location    Storage File                     
                ---------  ---------  ---------  --------- ---------                
                   INICIO   0x000001    program     static C:\Users\gusta\OneDrive\Escritorio\PROYECTOS_MPLAB\Pruebas\pruebas.asm
                PRINCIPAL   0x00000c    program     static C:\Users\gusta\OneDrive\Escritorio\PROYECTOS_MPLAB\Pruebas\pruebas.asm
                    TABLA   0x000011    program     static C:\Users\gusta\OneDrive\Escritorio\PROYECTOS_MPLAB\Pruebas\pruebas.asm


