MPLINK 4.48, Linker
Linker Map File - Created Mon Apr 05 10:33:28 2021

                                 Section Info
                  Section       Type    Address   Location Size(Bytes)
                ---------  ---------  ---------  ---------  ---------
                   .org_0       code   0x000000    program   0x000000
                   .org_1       code   0x000000    program   0x000068
.config_2007_DISPLAY_AUTOMATICO.O       code   0x002007    program   0x000002
.config_2008_DISPLAY_AUTOMATICO.O       code   0x002008    program   0x000002



                              Program Memory Usage 
                               Start         End      
                           ---------   ---------      
                            0x000000    0x000033      
                            0x002007    0x002008      
            54 out of 8455 program addresses used, program memory utilization is 0%



                              Symbols - Sorted by Name
                     Name    Address   Location    Storage File                     
                ---------  ---------  ---------  --------- ---------                
                 CONTADOR   0x000010    program     static C:\Users\gusta\OneDrive\Escritorio\PROYECTOS_MPLAB\Display_Automatico\Display_Automatico.asm
                  DISPLAY   0x00000b    program     static C:\Users\gusta\OneDrive\Escritorio\PROYECTOS_MPLAB\Display_Automatico\Display_Automatico.asm
                   INICIO   0x00000a    program     static C:\Users\gusta\OneDrive\Escritorio\PROYECTOS_MPLAB\Display_Automatico\Display_Automatico.asm
                  PUERTOS   0x000001    program     static C:\Users\gusta\OneDrive\Escritorio\PROYECTOS_MPLAB\Display_Automatico\Display_Automatico.asm
            RETARDO_400ms   0x000026    program     static C:\Users\gusta\OneDrive\Escritorio\PROYECTOS_MPLAB\Display_Automatico\Display_Automatico.asm
                    TABLA   0x000015    program     static C:\Users\gusta\OneDrive\Escritorio\PROYECTOS_MPLAB\Display_Automatico\Display_Automatico.asm
                     loop   0x00002c    program     static C:\Users\gusta\OneDrive\Escritorio\PROYECTOS_MPLAB\Display_Automatico\Display_Automatico.asm



                              Symbols - Sorted by Address
                     Name    Address   Location    Storage File                     
                ---------  ---------  ---------  --------- ---------                
                  PUERTOS   0x000001    program     static C:\Users\gusta\OneDrive\Escritorio\PROYECTOS_MPLAB\Display_Automatico\Display_Automatico.asm
                   INICIO   0x00000a    program     static C:\Users\gusta\OneDrive\Escritorio\PROYECTOS_MPLAB\Display_Automatico\Display_Automatico.asm
                  DISPLAY   0x00000b    program     static C:\Users\gusta\OneDrive\Escritorio\PROYECTOS_MPLAB\Display_Automatico\Display_Automatico.asm
                 CONTADOR   0x000010    program     static C:\Users\gusta\OneDrive\Escritorio\PROYECTOS_MPLAB\Display_Automatico\Display_Automatico.asm
                    TABLA   0x000015    program     static C:\Users\gusta\OneDrive\Escritorio\PROYECTOS_MPLAB\Display_Automatico\Display_Automatico.asm
            RETARDO_400ms   0x000026    program     static C:\Users\gusta\OneDrive\Escritorio\PROYECTOS_MPLAB\Display_Automatico\Display_Automatico.asm
                     loop   0x00002c    program     static C:\Users\gusta\OneDrive\Escritorio\PROYECTOS_MPLAB\Display_Automatico\Display_Automatico.asm


