MPLINK 4.48, Linker
Linker Map File - Created Mon Apr 26 10:24:22 2021

                                 Section Info
                  Section       Type    Address   Location Size(Bytes)
                ---------  ---------  ---------  ---------  ---------
                   .org_0       code   0x000000    program   0x000000
                   .org_1       code   0x000000    program   0x000002
                   .org_2       code   0x000004    program   0x0000e2
       .config_2007_ASE.O       code   0x002007    program   0x000002
       .config_2008_ASE.O       code   0x002008    program   0x000002



                              Program Memory Usage 
                               Start         End      
                           ---------   ---------      
                            0x000000    0x000000      
                            0x000004    0x000074      
                            0x002007    0x002008      
            116 out of 8455 program addresses used, program memory utilization is 1%



                              Symbols - Sorted by Name
                     Name    Address   Location    Storage File                     
                ---------  ---------  ---------  --------- ---------                
                    CICLO   0x000048    program     static C:\Users\gusta\OneDrive\Escritorio\IvanPMa-main\ase\ase.asm
               CONFI_TMR0   0x00000f    program     static C:\Users\gusta\OneDrive\Escritorio\IvanPMa-main\ase\ase.asm
               E_CENTENAS   0x00002d    program     static C:\Users\gusta\OneDrive\Escritorio\IvanPMa-main\ase\ase.asm
                E_DECENAS   0x000026    program     static C:\Users\gusta\OneDrive\Escritorio\IvanPMa-main\ase\ase.asm
               E_MILLARES   0x000035    program     static C:\Users\gusta\OneDrive\Escritorio\IvanPMa-main\ase\ase.asm
               E_UNIDADES   0x00001f    program     static C:\Users\gusta\OneDrive\Escritorio\IvanPMa-main\ase\ase.asm
                   INICIO   0x000017    program     static C:\Users\gusta\OneDrive\Escritorio\IvanPMa-main\ase\ase.asm
                  INTCONN   0x000010    program     static C:\Users\gusta\OneDrive\Escritorio\IvanPMa-main\ase\ase.asm
             INTERRUPCION   0x00003e    program     static C:\Users\gusta\OneDrive\Escritorio\IvanPMa-main\ase\ase.asm
              OPTION_REGG   0x000013    program     static C:\Users\gusta\OneDrive\Escritorio\IvanPMa-main\ase\ase.asm
                  PUERTOS   0x000005    program     static C:\Users\gusta\OneDrive\Escritorio\IvanPMa-main\ase\ase.asm
                  RETARDO   0x000067    program     static C:\Users\gusta\OneDrive\Escritorio\IvanPMa-main\ase\ase.asm
                    TABLA   0x00005c    program     static C:\Users\gusta\OneDrive\Escritorio\IvanPMa-main\ase\ase.asm
                     loop   0x00006d    program     static C:\Users\gusta\OneDrive\Escritorio\IvanPMa-main\ase\ase.asm



                              Symbols - Sorted by Address
                     Name    Address   Location    Storage File                     
                ---------  ---------  ---------  --------- ---------                
                  PUERTOS   0x000005    program     static C:\Users\gusta\OneDrive\Escritorio\IvanPMa-main\ase\ase.asm
               CONFI_TMR0   0x00000f    program     static C:\Users\gusta\OneDrive\Escritorio\IvanPMa-main\ase\ase.asm
                  INTCONN   0x000010    program     static C:\Users\gusta\OneDrive\Escritorio\IvanPMa-main\ase\ase.asm
              OPTION_REGG   0x000013    program     static C:\Users\gusta\OneDrive\Escritorio\IvanPMa-main\ase\ase.asm
                   INICIO   0x000017    program     static C:\Users\gusta\OneDrive\Escritorio\IvanPMa-main\ase\ase.asm
               E_UNIDADES   0x00001f    program     static C:\Users\gusta\OneDrive\Escritorio\IvanPMa-main\ase\ase.asm
                E_DECENAS   0x000026    program     static C:\Users\gusta\OneDrive\Escritorio\IvanPMa-main\ase\ase.asm
               E_CENTENAS   0x00002d    program     static C:\Users\gusta\OneDrive\Escritorio\IvanPMa-main\ase\ase.asm
               E_MILLARES   0x000035    program     static C:\Users\gusta\OneDrive\Escritorio\IvanPMa-main\ase\ase.asm
             INTERRUPCION   0x00003e    program     static C:\Users\gusta\OneDrive\Escritorio\IvanPMa-main\ase\ase.asm
                    CICLO   0x000048    program     static C:\Users\gusta\OneDrive\Escritorio\IvanPMa-main\ase\ase.asm
                    TABLA   0x00005c    program     static C:\Users\gusta\OneDrive\Escritorio\IvanPMa-main\ase\ase.asm
                  RETARDO   0x000067    program     static C:\Users\gusta\OneDrive\Escritorio\IvanPMa-main\ase\ase.asm
                     loop   0x00006d    program     static C:\Users\gusta\OneDrive\Escritorio\IvanPMa-main\ase\ase.asm


