MPLINK 4.48, Linker
Linker Map File - Created Fri Apr 23 09:03:57 2021

                                 Section Info
                  Section       Type    Address   Location Size(Bytes)
                ---------  ---------  ---------  ---------  ---------
                   .org_0       code   0x000000    program   0x000000
                   .org_1       code   0x000000    program   0x000004
                   .org_2       code   0x000004    program   0x0000d4
.config_2007_CRONOMETRO.O       code   0x002007    program   0x000002
.config_2008_CRONOMETRO.O       code   0x002008    program   0x000002



                              Program Memory Usage 
                               Start         End      
                           ---------   ---------      
                            0x000000    0x000001      
                            0x000004    0x00006d      
                            0x002007    0x002008      
            110 out of 8455 program addresses used, program memory utilization is 1%



                              Symbols - Sorted by Name
                     Name    Address   Location    Storage File                     
                ---------  ---------  ---------  --------- ---------                
                    CICLO   0x000048    program     static C:\Users\gusta\OneDrive\Escritorio\PROYECTOS_MPLAB\Cronometro\cronometro.asm
          CONFIGURAR_TMR0   0x000012    program     static C:\Users\gusta\OneDrive\Escritorio\PROYECTOS_MPLAB\Cronometro\cronometro.asm
               E_CENTENAS   0x00002d    program     static C:\Users\gusta\OneDrive\Escritorio\PROYECTOS_MPLAB\Cronometro\cronometro.asm
                E_DECENAS   0x000026    program     static C:\Users\gusta\OneDrive\Escritorio\PROYECTOS_MPLAB\Cronometro\cronometro.asm
               E_MILLARES   0x000035    program     static C:\Users\gusta\OneDrive\Escritorio\PROYECTOS_MPLAB\Cronometro\cronometro.asm
               E_UNIDADES   0x00001f    program     static C:\Users\gusta\OneDrive\Escritorio\PROYECTOS_MPLAB\Cronometro\cronometro.asm
                   INICIO   0x00001a    program     static C:\Users\gusta\OneDrive\Escritorio\PROYECTOS_MPLAB\Cronometro\cronometro.asm
                  INTCONN   0x000013    program     static C:\Users\gusta\OneDrive\Escritorio\PROYECTOS_MPLAB\Cronometro\cronometro.asm
             INTERRUPCION   0x00003e    program     static C:\Users\gusta\OneDrive\Escritorio\PROYECTOS_MPLAB\Cronometro\cronometro.asm
              OPTION_REGG   0x000016    program     static C:\Users\gusta\OneDrive\Escritorio\PROYECTOS_MPLAB\Cronometro\cronometro.asm
                  PUERTOS   0x000005    program     static C:\Users\gusta\OneDrive\Escritorio\PROYECTOS_MPLAB\Cronometro\cronometro.asm
            RETARDO_400ms   0x000060    program     static C:\Users\gusta\OneDrive\Escritorio\PROYECTOS_MPLAB\Cronometro\cronometro.asm
                    TABLA   0x000056    program     static C:\Users\gusta\OneDrive\Escritorio\PROYECTOS_MPLAB\Cronometro\cronometro.asm
                     loop   0x000066    program     static C:\Users\gusta\OneDrive\Escritorio\PROYECTOS_MPLAB\Cronometro\cronometro.asm



                              Symbols - Sorted by Address
                     Name    Address   Location    Storage File                     
                ---------  ---------  ---------  --------- ---------                
                  PUERTOS   0x000005    program     static C:\Users\gusta\OneDrive\Escritorio\PROYECTOS_MPLAB\Cronometro\cronometro.asm
          CONFIGURAR_TMR0   0x000012    program     static C:\Users\gusta\OneDrive\Escritorio\PROYECTOS_MPLAB\Cronometro\cronometro.asm
                  INTCONN   0x000013    program     static C:\Users\gusta\OneDrive\Escritorio\PROYECTOS_MPLAB\Cronometro\cronometro.asm
              OPTION_REGG   0x000016    program     static C:\Users\gusta\OneDrive\Escritorio\PROYECTOS_MPLAB\Cronometro\cronometro.asm
                   INICIO   0x00001a    program     static C:\Users\gusta\OneDrive\Escritorio\PROYECTOS_MPLAB\Cronometro\cronometro.asm
               E_UNIDADES   0x00001f    program     static C:\Users\gusta\OneDrive\Escritorio\PROYECTOS_MPLAB\Cronometro\cronometro.asm
                E_DECENAS   0x000026    program     static C:\Users\gusta\OneDrive\Escritorio\PROYECTOS_MPLAB\Cronometro\cronometro.asm
               E_CENTENAS   0x00002d    program     static C:\Users\gusta\OneDrive\Escritorio\PROYECTOS_MPLAB\Cronometro\cronometro.asm
               E_MILLARES   0x000035    program     static C:\Users\gusta\OneDrive\Escritorio\PROYECTOS_MPLAB\Cronometro\cronometro.asm
             INTERRUPCION   0x00003e    program     static C:\Users\gusta\OneDrive\Escritorio\PROYECTOS_MPLAB\Cronometro\cronometro.asm
                    CICLO   0x000048    program     static C:\Users\gusta\OneDrive\Escritorio\PROYECTOS_MPLAB\Cronometro\cronometro.asm
                    TABLA   0x000056    program     static C:\Users\gusta\OneDrive\Escritorio\PROYECTOS_MPLAB\Cronometro\cronometro.asm
            RETARDO_400ms   0x000060    program     static C:\Users\gusta\OneDrive\Escritorio\PROYECTOS_MPLAB\Cronometro\cronometro.asm
                     loop   0x000066    program     static C:\Users\gusta\OneDrive\Escritorio\PROYECTOS_MPLAB\Cronometro\cronometro.asm


