MPLINK 4.48, Linker
Linker Map File - Created Wed Mar 24 00:32:43 2021

                                 Section Info
                  Section       Type    Address   Location Size(Bytes)
                ---------  ---------  ---------  ---------  ---------
                   .org_0       code   0x000000    program   0x000000
                   .org_1       code   0x000000    program   0x0000d8
.config_2007_SECUENCIAS.O       code   0x002007    program   0x000002
.config_2008_SECUENCIAS.O       code   0x002008    program   0x000002



                              Program Memory Usage 
                               Start         End      
                           ---------   ---------      
                            0x000000    0x00006b      
                            0x002007    0x002008      
            110 out of 8455 program addresses used, program memory utilization is 1%



                              Symbols - Sorted by Name
                     Name    Address   Location    Storage File                     
                ---------  ---------  ---------  --------- ---------                
         CARGAR_DATOS_DER   0x00001e    program     static C:\Users\gusta\OneDrive\Escritorio\PROYECTOS_MPLAB\Secuencias\Secuencias.asm
    CARGAR_DATOS_DER_SEC2   0x000041    program     static C:\Users\gusta\OneDrive\Escritorio\PROYECTOS_MPLAB\Secuencias\Secuencias.asm
         CARGAR_DATOS_IZQ   0x00001b    program     static C:\Users\gusta\OneDrive\Escritorio\PROYECTOS_MPLAB\Secuencias\Secuencias.asm
    CARGAR_DATOS_IZQ_SEC1   0x000035    program     static C:\Users\gusta\OneDrive\Escritorio\PROYECTOS_MPLAB\Secuencias\Secuencias.asm
                     CERO   0x000021    program     static C:\Users\gusta\OneDrive\Escritorio\PROYECTOS_MPLAB\Secuencias\Secuencias.asm
                   CERO_D   0x000029    program     static C:\Users\gusta\OneDrive\Escritorio\PROYECTOS_MPLAB\Secuencias\Secuencias.asm
              CERO_D_SEC2   0x000044    program     static C:\Users\gusta\OneDrive\Escritorio\PROYECTOS_MPLAB\Secuencias\Secuencias.asm
                CERO_SEC1   0x000038    program     static C:\Users\gusta\OneDrive\Escritorio\PROYECTOS_MPLAB\Secuencias\Secuencias.asm
                    FINAL   0x00002d    program     static C:\Users\gusta\OneDrive\Escritorio\PROYECTOS_MPLAB\Secuencias\Secuencias.asm
                   INICIO   0x00000e    program     static C:\Users\gusta\OneDrive\Escritorio\PROYECTOS_MPLAB\Secuencias\Secuencias.asm
                PRIN_SEC3   0x00004d    program     static C:\Users\gusta\OneDrive\Escritorio\PROYECTOS_MPLAB\Secuencias\Secuencias.asm
                  PUERTOS   0x000002    program     static C:\Users\gusta\OneDrive\Escritorio\PROYECTOS_MPLAB\Secuencias\Secuencias.asm
            RETARDO_400ms   0x00005e    program     static C:\Users\gusta\OneDrive\Escritorio\PROYECTOS_MPLAB\Secuencias\Secuencias.asm
                     SEC0   0x000017    program     static C:\Users\gusta\OneDrive\Escritorio\PROYECTOS_MPLAB\Secuencias\Secuencias.asm
                     SEC1   0x000031    program     static C:\Users\gusta\OneDrive\Escritorio\PROYECTOS_MPLAB\Secuencias\Secuencias.asm
                     SEC2   0x00003d    program     static C:\Users\gusta\OneDrive\Escritorio\PROYECTOS_MPLAB\Secuencias\Secuencias.asm
                     SEC3   0x00004c    program     static C:\Users\gusta\OneDrive\Escritorio\PROYECTOS_MPLAB\Secuencias\Secuencias.asm
                    TABLA   0x000057    program     static C:\Users\gusta\OneDrive\Escritorio\PROYECTOS_MPLAB\Secuencias\Secuencias.asm
                   TEST_1   0x000011    program     static C:\Users\gusta\OneDrive\Escritorio\PROYECTOS_MPLAB\Secuencias\Secuencias.asm
                   TEST_2   0x000014    program     static C:\Users\gusta\OneDrive\Escritorio\PROYECTOS_MPLAB\Secuencias\Secuencias.asm
                      UNO   0x000025    program     static C:\Users\gusta\OneDrive\Escritorio\PROYECTOS_MPLAB\Secuencias\Secuencias.asm
               UNO_D_SEC2   0x000048    program     static C:\Users\gusta\OneDrive\Escritorio\PROYECTOS_MPLAB\Secuencias\Secuencias.asm
                 UNO_SEC1   0x00003c    program     static C:\Users\gusta\OneDrive\Escritorio\PROYECTOS_MPLAB\Secuencias\Secuencias.asm
                     loop   0x000064    program     static C:\Users\gusta\OneDrive\Escritorio\PROYECTOS_MPLAB\Secuencias\Secuencias.asm



                              Symbols - Sorted by Address
                     Name    Address   Location    Storage File                     
                ---------  ---------  ---------  --------- ---------                
                  PUERTOS   0x000002    program     static C:\Users\gusta\OneDrive\Escritorio\PROYECTOS_MPLAB\Secuencias\Secuencias.asm
                   INICIO   0x00000e    program     static C:\Users\gusta\OneDrive\Escritorio\PROYECTOS_MPLAB\Secuencias\Secuencias.asm
                   TEST_1   0x000011    program     static C:\Users\gusta\OneDrive\Escritorio\PROYECTOS_MPLAB\Secuencias\Secuencias.asm
                   TEST_2   0x000014    program     static C:\Users\gusta\OneDrive\Escritorio\PROYECTOS_MPLAB\Secuencias\Secuencias.asm
                     SEC0   0x000017    program     static C:\Users\gusta\OneDrive\Escritorio\PROYECTOS_MPLAB\Secuencias\Secuencias.asm
         CARGAR_DATOS_IZQ   0x00001b    program     static C:\Users\gusta\OneDrive\Escritorio\PROYECTOS_MPLAB\Secuencias\Secuencias.asm
         CARGAR_DATOS_DER   0x00001e    program     static C:\Users\gusta\OneDrive\Escritorio\PROYECTOS_MPLAB\Secuencias\Secuencias.asm
                     CERO   0x000021    program     static C:\Users\gusta\OneDrive\Escritorio\PROYECTOS_MPLAB\Secuencias\Secuencias.asm
                      UNO   0x000025    program     static C:\Users\gusta\OneDrive\Escritorio\PROYECTOS_MPLAB\Secuencias\Secuencias.asm
                   CERO_D   0x000029    program     static C:\Users\gusta\OneDrive\Escritorio\PROYECTOS_MPLAB\Secuencias\Secuencias.asm
                    FINAL   0x00002d    program     static C:\Users\gusta\OneDrive\Escritorio\PROYECTOS_MPLAB\Secuencias\Secuencias.asm
                     SEC1   0x000031    program     static C:\Users\gusta\OneDrive\Escritorio\PROYECTOS_MPLAB\Secuencias\Secuencias.asm
    CARGAR_DATOS_IZQ_SEC1   0x000035    program     static C:\Users\gusta\OneDrive\Escritorio\PROYECTOS_MPLAB\Secuencias\Secuencias.asm
                CERO_SEC1   0x000038    program     static C:\Users\gusta\OneDrive\Escritorio\PROYECTOS_MPLAB\Secuencias\Secuencias.asm
                 UNO_SEC1   0x00003c    program     static C:\Users\gusta\OneDrive\Escritorio\PROYECTOS_MPLAB\Secuencias\Secuencias.asm
                     SEC2   0x00003d    program     static C:\Users\gusta\OneDrive\Escritorio\PROYECTOS_MPLAB\Secuencias\Secuencias.asm
    CARGAR_DATOS_DER_SEC2   0x000041    program     static C:\Users\gusta\OneDrive\Escritorio\PROYECTOS_MPLAB\Secuencias\Secuencias.asm
              CERO_D_SEC2   0x000044    program     static C:\Users\gusta\OneDrive\Escritorio\PROYECTOS_MPLAB\Secuencias\Secuencias.asm
               UNO_D_SEC2   0x000048    program     static C:\Users\gusta\OneDrive\Escritorio\PROYECTOS_MPLAB\Secuencias\Secuencias.asm
                     SEC3   0x00004c    program     static C:\Users\gusta\OneDrive\Escritorio\PROYECTOS_MPLAB\Secuencias\Secuencias.asm
                PRIN_SEC3   0x00004d    program     static C:\Users\gusta\OneDrive\Escritorio\PROYECTOS_MPLAB\Secuencias\Secuencias.asm
                    TABLA   0x000057    program     static C:\Users\gusta\OneDrive\Escritorio\PROYECTOS_MPLAB\Secuencias\Secuencias.asm
            RETARDO_400ms   0x00005e    program     static C:\Users\gusta\OneDrive\Escritorio\PROYECTOS_MPLAB\Secuencias\Secuencias.asm
                     loop   0x000064    program     static C:\Users\gusta\OneDrive\Escritorio\PROYECTOS_MPLAB\Secuencias\Secuencias.asm


