MPLINK 4.48, Linker
Linker Map File - Created Fri Mar 12 08:56:12 2021

                                 Section Info
                  Section       Type    Address   Location Size(Bytes)
                ---------  ---------  ---------  ---------  ---------
                   .org_0       code   0x000000    program   0x000000
                   .org_1       code   0x000000    program   0x000062
    .config_2007_NIBLES.O       code   0x002007    program   0x000002
    .config_2008_NIBLES.O       code   0x002008    program   0x000002



                              Program Memory Usage 
                               Start         End      
                           ---------   ---------      
                            0x000000    0x000030      
                            0x002007    0x002008      
            51 out of 8455 program addresses used, program memory utilization is 0%



                              Symbols - Sorted by Name
                     Name    Address   Location    Storage File                     
                ---------  ---------  ---------  --------- ---------                
             CARGAR_DATOS   0x00000f    program     static C:\Users\gusta\OneDrive\Escritorio\PROYECTOS_MPLAB\Nibles\nibles.asm
                   INICIO   0x000001    program     static C:\Users\gusta\OneDrive\Escritorio\PROYECTOS_MPLAB\Nibles\nibles.asm
            RETARDO_400ms   0x000023    program     static C:\Users\gusta\OneDrive\Escritorio\PROYECTOS_MPLAB\Nibles\nibles.asm
                     loop   0x000029    program     static C:\Users\gusta\OneDrive\Escritorio\PROYECTOS_MPLAB\Nibles\nibles.asm



                              Symbols - Sorted by Address
                     Name    Address   Location    Storage File                     
                ---------  ---------  ---------  --------- ---------                
                   INICIO   0x000001    program     static C:\Users\gusta\OneDrive\Escritorio\PROYECTOS_MPLAB\Nibles\nibles.asm
             CARGAR_DATOS   0x00000f    program     static C:\Users\gusta\OneDrive\Escritorio\PROYECTOS_MPLAB\Nibles\nibles.asm
            RETARDO_400ms   0x000023    program     static C:\Users\gusta\OneDrive\Escritorio\PROYECTOS_MPLAB\Nibles\nibles.asm
                     loop   0x000029    program     static C:\Users\gusta\OneDrive\Escritorio\PROYECTOS_MPLAB\Nibles\nibles.asm


