MPLINK 4.48, Linker
Linker Map File - Created Thu Apr 29 11:56:13 2021

                                 Section Info
                  Section       Type    Address   Location Size(Bytes)
                ---------  ---------  ---------  ---------  ---------
                   .org_0       code   0x000000    program   0x000000
                   .org_1       code   0x000000    program   0x000002
                   .org_2       code   0x000004    program   0x0000d2
   .config_2007_LETRERO.O       code   0x002007    program   0x000002
   .config_2008_LETRERO.O       code   0x002008    program   0x000002



                              Program Memory Usage 
                               Start         End      
                           ---------   ---------      
                            0x000000    0x000000      
                            0x000004    0x00006c      
                            0x002007    0x002008      
            108 out of 8455 program addresses used, program memory utilization is 1%



                              Symbols - Sorted by Name
                     Name    Address   Location    Storage File                     
                ---------  ---------  ---------  --------- ---------                
                    CICLO   0x000029    program     static C:\Users\gusta\OneDrive\Escritorio\PROYECTOS_MPLAB\Letrero\letrero.asm
            CONFIGURACION   0x000005    program     static C:\Users\gusta\OneDrive\Escritorio\PROYECTOS_MPLAB\Letrero\letrero.asm
               CONFI_TMR0   0x00000f    program     static C:\Users\gusta\OneDrive\Escritorio\PROYECTOS_MPLAB\Letrero\letrero.asm
                   INICIO   0x000017    program     static C:\Users\gusta\OneDrive\Escritorio\PROYECTOS_MPLAB\Letrero\letrero.asm
                  INTCONN   0x000010    program     static C:\Users\gusta\OneDrive\Escritorio\PROYECTOS_MPLAB\Letrero\letrero.asm
             INTERRUPCION   0x00001f    program     static C:\Users\gusta\OneDrive\Escritorio\PROYECTOS_MPLAB\Letrero\letrero.asm
              OPTION_REGG   0x000013    program     static C:\Users\gusta\OneDrive\Escritorio\PROYECTOS_MPLAB\Letrero\letrero.asm
                  RETARDO   0x00005f    program     static C:\Users\gusta\OneDrive\Escritorio\PROYECTOS_MPLAB\Letrero\letrero.asm
                    TABLA   0x00003b    program     static C:\Users\gusta\OneDrive\Escritorio\PROYECTOS_MPLAB\Letrero\letrero.asm
                     loop   0x000065    program     static C:\Users\gusta\OneDrive\Escritorio\PROYECTOS_MPLAB\Letrero\letrero.asm



                              Symbols - Sorted by Address
                     Name    Address   Location    Storage File                     
                ---------  ---------  ---------  --------- ---------                
            CONFIGURACION   0x000005    program     static C:\Users\gusta\OneDrive\Escritorio\PROYECTOS_MPLAB\Letrero\letrero.asm
               CONFI_TMR0   0x00000f    program     static C:\Users\gusta\OneDrive\Escritorio\PROYECTOS_MPLAB\Letrero\letrero.asm
                  INTCONN   0x000010    program     static C:\Users\gusta\OneDrive\Escritorio\PROYECTOS_MPLAB\Letrero\letrero.asm
              OPTION_REGG   0x000013    program     static C:\Users\gusta\OneDrive\Escritorio\PROYECTOS_MPLAB\Letrero\letrero.asm
                   INICIO   0x000017    program     static C:\Users\gusta\OneDrive\Escritorio\PROYECTOS_MPLAB\Letrero\letrero.asm
             INTERRUPCION   0x00001f    program     static C:\Users\gusta\OneDrive\Escritorio\PROYECTOS_MPLAB\Letrero\letrero.asm
                    CICLO   0x000029    program     static C:\Users\gusta\OneDrive\Escritorio\PROYECTOS_MPLAB\Letrero\letrero.asm
                    TABLA   0x00003b    program     static C:\Users\gusta\OneDrive\Escritorio\PROYECTOS_MPLAB\Letrero\letrero.asm
                  RETARDO   0x00005f    program     static C:\Users\gusta\OneDrive\Escritorio\PROYECTOS_MPLAB\Letrero\letrero.asm
                     loop   0x000065    program     static C:\Users\gusta\OneDrive\Escritorio\PROYECTOS_MPLAB\Letrero\letrero.asm


